Archive member included to satisfy reference by file (symbol)

/usr/lib/gcc/arm-none-eabi/8.3.1/thumb/v7e-m+fp/hard/libgcc.a(_arm_addsubdf3.o)
                              /root/arm_examples/blink/GCC_Project/output/ql_test_signals.o (__aeabi_dadd)
/usr/lib/gcc/arm-none-eabi/8.3.1/thumb/v7e-m+fp/hard/libgcc.a(_arm_muldivdf3.o)
                              /root/arm_examples/blink/GCC_Project/output/ql_test_signals.o (__aeabi_dmul)
/usr/lib/gcc/arm-none-eabi/8.3.1/thumb/v7e-m+fp/hard/libgcc.a(_arm_fixdfsi.o)
                              /root/arm_examples/blink/GCC_Project/output/ql_test_signals.o (__aeabi_d2iz)
/usr/lib/gcc/arm-none-eabi/8.3.1/thumb/v7e-m+fp/hard/libgcc.a(_arm_truncdfsf2.o)
                              /root/arm_examples/blink/GCC_Project/output/eoss3_hal_i2c.o (__aeabi_d2f)
/usr/lib/gcc/arm-none-eabi/8.3.1/thumb/v7e-m+fp/hard/libgcc.a(_aeabi_ldivmod.o)
                              /root/arm_examples/blink/GCC_Project/output/dbg_uart.o (__aeabi_ldivmod)
/usr/lib/gcc/arm-none-eabi/8.3.1/thumb/v7e-m+fp/hard/libgcc.a(_aeabi_uldivmod.o)
                              /root/arm_examples/blink/GCC_Project/output/s3x_lpm.o (__aeabi_uldivmod)
/usr/lib/gcc/arm-none-eabi/8.3.1/thumb/v7e-m+fp/hard/libgcc.a(_udivmoddi4.o)
                              /usr/lib/gcc/arm-none-eabi/8.3.1/thumb/v7e-m+fp/hard/libgcc.a(_aeabi_ldivmod.o) (__udivmoddi4)
/usr/lib/gcc/arm-none-eabi/8.3.1/thumb/v7e-m+fp/hard/libgcc.a(_dvmd_tls.o)
                              /usr/lib/gcc/arm-none-eabi/8.3.1/thumb/v7e-m+fp/hard/libgcc.a(_aeabi_ldivmod.o) (__aeabi_ldiv0)
/usr/lib/gcc/arm-none-eabi/8.3.1/../../../arm-none-eabi/lib/thumb/v7e-m+fp/hard/libg_nano.a(lib_a-atexit.o)
                              /usr/lib/gcc/arm-none-eabi/8.3.1/../../../arm-none-eabi/lib/thumb/v7e-m+fp/hard/crt0.o (atexit)
/usr/lib/gcc/arm-none-eabi/8.3.1/../../../arm-none-eabi/lib/thumb/v7e-m+fp/hard/libg_nano.a(lib_a-exit.o)
                              /usr/lib/gcc/arm-none-eabi/8.3.1/../../../arm-none-eabi/lib/thumb/v7e-m+fp/hard/crt0.o (exit)
/usr/lib/gcc/arm-none-eabi/8.3.1/../../../arm-none-eabi/lib/thumb/v7e-m+fp/hard/libg_nano.a(lib_a-fini.o)
                              /usr/lib/gcc/arm-none-eabi/8.3.1/../../../arm-none-eabi/lib/thumb/v7e-m+fp/hard/crt0.o (__libc_fini_array)
/usr/lib/gcc/arm-none-eabi/8.3.1/../../../arm-none-eabi/lib/thumb/v7e-m+fp/hard/libg_nano.a(lib_a-impure.o)
                              /usr/lib/gcc/arm-none-eabi/8.3.1/../../../arm-none-eabi/lib/thumb/v7e-m+fp/hard/libg_nano.a(lib_a-exit.o) (_global_impure_ptr)
/usr/lib/gcc/arm-none-eabi/8.3.1/../../../arm-none-eabi/lib/thumb/v7e-m+fp/hard/libg_nano.a(lib_a-init.o)
                              /usr/lib/gcc/arm-none-eabi/8.3.1/../../../arm-none-eabi/lib/thumb/v7e-m+fp/hard/crt0.o (__libc_init_array)
/usr/lib/gcc/arm-none-eabi/8.3.1/../../../arm-none-eabi/lib/thumb/v7e-m+fp/hard/libg_nano.a(lib_a-malloc.o)
                              /root/arm_examples/blink/GCC_Project/output/circularBuffQueue.o (malloc)
/usr/lib/gcc/arm-none-eabi/8.3.1/../../../arm-none-eabi/lib/thumb/v7e-m+fp/hard/libg_nano.a(lib_a-memcpy.o)
                              /root/arm_examples/blink/GCC_Project/output/cli_args.o (memcpy)
/usr/lib/gcc/arm-none-eabi/8.3.1/../../../arm-none-eabi/lib/thumb/v7e-m+fp/hard/libg_nano.a(lib_a-memset.o)
                              /usr/lib/gcc/arm-none-eabi/8.3.1/../../../arm-none-eabi/lib/thumb/v7e-m+fp/hard/crt0.o (memset)
/usr/lib/gcc/arm-none-eabi/8.3.1/../../../arm-none-eabi/lib/thumb/v7e-m+fp/hard/libg_nano.a(lib_a-nano-freer.o)
                              /usr/lib/gcc/arm-none-eabi/8.3.1/../../../arm-none-eabi/lib/thumb/v7e-m+fp/hard/libg_nano.a(lib_a-malloc.o) (_free_r)
/usr/lib/gcc/arm-none-eabi/8.3.1/../../../arm-none-eabi/lib/thumb/v7e-m+fp/hard/libg_nano.a(lib_a-nano-mallocr.o)
                              /usr/lib/gcc/arm-none-eabi/8.3.1/../../../arm-none-eabi/lib/thumb/v7e-m+fp/hard/libg_nano.a(lib_a-malloc.o) (_malloc_r)
/usr/lib/gcc/arm-none-eabi/8.3.1/../../../arm-none-eabi/lib/thumb/v7e-m+fp/hard/libg_nano.a(lib_a-printf.o)
                              /root/arm_examples/blink/GCC_Project/output/circularBuffQueue.o (printf)
/usr/lib/gcc/arm-none-eabi/8.3.1/../../../arm-none-eabi/lib/thumb/v7e-m+fp/hard/libg_nano.a(lib_a-puts.o)
                              /root/arm_examples/blink/GCC_Project/output/eoss3_hal_i2s_slave_assp.o (puts)
/usr/lib/gcc/arm-none-eabi/8.3.1/../../../arm-none-eabi/lib/thumb/v7e-m+fp/hard/libg_nano.a(lib_a-sbrkr.o)
                              /usr/lib/gcc/arm-none-eabi/8.3.1/../../../arm-none-eabi/lib/thumb/v7e-m+fp/hard/libg_nano.a(lib_a-nano-mallocr.o) (_sbrk_r)
/usr/lib/gcc/arm-none-eabi/8.3.1/../../../arm-none-eabi/lib/thumb/v7e-m+fp/hard/libg_nano.a(lib_a-setjmp.o)
                              /root/arm_examples/blink/GCC_Project/output/cli_loop.o (setjmp)
/usr/lib/gcc/arm-none-eabi/8.3.1/../../../arm-none-eabi/lib/thumb/v7e-m+fp/hard/libg_nano.a(lib_a-snprintf.o)
[...]
Memory Configuration

Name             Origin             Length             Attributes
rom              0x0000000000000000 0x0000000000027000 xr
ram              0x0000000020027000 0x000000000003c800 xrw
spiram           0x0000000020063800 0x0000000000000800 rw
HWA              0x0000000020064000 0x0000000000018000 rw
shm              0x000000002007c000 0x0000000000004000
*default*        0x0000000000000000 0xffffffffffffffff

Linker script and memory map

LOAD /usr/lib/gcc/arm-none-eabi/8.3.1/thumb/v7e-m+fp/hard/crti.o
LOAD /usr/lib/gcc/arm-none-eabi/8.3.1/thumb/v7e-m+fp/hard/crtbegin.o
LOAD /usr/lib/gcc/arm-none-eabi/8.3.1/../../../arm-none-eabi/lib/thumb/v7e-m+fp/hard/crt0.o
LOAD /root/arm_examples/blink/GCC_Project/output/battery_level_monitor.o
LOAD /root/arm_examples/blink/GCC_Project/output/c_lib_retarget.o
LOAD /root/arm_examples/blink/GCC_Project/output/circularBuffQueue.o
LOAD /root/arm_examples/blink/GCC_Project/output/cli_args.o
LOAD /root/arm_examples/blink/GCC_Project/output/cli_hexdump.o
LOAD /root/arm_examples/blink/GCC_Project/output/cli_io.o
LOAD /root/arm_examples/blink/GCC_Project/output/cli_loop.o
LOAD /root/arm_examples/blink/GCC_Project/output/cli_misc.o
LOAD /root/arm_examples/blink/GCC_Project/output/cli_platform.o
LOAD /root/arm_examples/blink/GCC_Project/output/cli_stdcmds.o
LOAD /root/arm_examples/blink/GCC_Project/output/crc16.o
LOAD /root/arm_examples/blink/GCC_Project/output/crc32.o
LOAD /root/arm_examples/blink/GCC_Project/output/croutine.o
LOAD /root/arm_examples/blink/GCC_Project/output/dbg_bufferedprinttask.o
LOAD /root/arm_examples/blink/GCC_Project/output/dbg_queue_monitor.o
LOAD /root/arm_examples/blink/GCC_Project/output/dbg_uart.o
LOAD /root/arm_examples/blink/GCC_Project/output/dbgtrace.o
LOAD /root/arm_examples/blink/GCC_Project/output/eoss3_hal_adc.o
LOAD /root/arm_examples/blink/GCC_Project/output/eoss3_hal_gpio.o
LOAD /root/arm_examples/blink/GCC_Project/output/eoss3_hal_i2c.o
LOAD /root/arm_examples/blink/GCC_Project/output/eoss3_hal_i2s.o
LOAD /root/arm_examples/blink/GCC_Project/output/eoss3_hal_i2s_slave_assp.o
LOAD /root/arm_examples/blink/GCC_Project/output/eoss3_hal_pad_config.o
LOAD /root/arm_examples/blink/GCC_Project/output/eoss3_hal_pkfb.o
LOAD /root/arm_examples/blink/GCC_Project/output/eoss3_hal_rtc.o
LOAD /root/arm_examples/blink/GCC_Project/output/eoss3_hal_sdma.o
LOAD /root/arm_examples/blink/GCC_Project/output/eoss3_hal_spi.o
LOAD /root/arm_examples/blink/GCC_Project/output/eoss3_hal_timer.o
LOAD /root/arm_examples/blink/GCC_Project/output/eoss3_hal_uart.o
LOAD /root/arm_examples/blink/GCC_Project/output/eoss3_hal_wb.o
LOAD /root/arm_examples/blink/GCC_Project/output/eoss3_hal_wdt.o
LOAD /root/arm_examples/blink/GCC_Project/output/event_groups.o
LOAD /root/arm_examples/blink/GCC_Project/output/exceptions.o
LOAD /root/arm_examples/blink/GCC_Project/output/freertos_static_memory.o
LOAD /root/arm_examples/blink/GCC_Project/output/heap_4.o
LOAD /root/arm_examples/blink/GCC_Project/output/hearable_pwrcfg.o
LOAD /root/arm_examples/blink/GCC_Project/output/leds.o
LOAD /root/arm_examples/blink/GCC_Project/output/list.o
LOAD /root/arm_examples/blink/GCC_Project/output/main.o
LOAD /root/arm_examples/blink/GCC_Project/output/main_dbg_cli_menu.o
LOAD /root/arm_examples/blink/GCC_Project/output/pincfg_table.o
LOAD /root/arm_examples/blink/GCC_Project/output/port.o
LOAD /root/arm_examples/blink/GCC_Project/output/qf_baremetalsetup.o
LOAD /root/arm_examples/blink/GCC_Project/output/qf_hardwaresetup.o
LOAD /root/arm_examples/blink/GCC_Project/output/ql_base64.o
LOAD /root/arm_examples/blink/GCC_Project/output/ql_stackwatermark.o
LOAD /root/arm_examples/blink/GCC_Project/output/ql_test_signals.o
LOAD /root/arm_examples/blink/GCC_Project/output/ql_time.o
LOAD /root/arm_examples/blink/GCC_Project/output/queue.o
LOAD /root/arm_examples/blink/GCC_Project/output/s3x_clock.o
LOAD /root/arm_examples/blink/GCC_Project/output/s3x_clock_hal.o
LOAD /root/arm_examples/blink/GCC_Project/output/s3x_cpuload.o
LOAD /root/arm_examples/blink/GCC_Project/output/s3x_dfs.o
LOAD /root/arm_examples/blink/GCC_Project/output/s3x_lpm.o
LOAD /root/arm_examples/blink/GCC_Project/output/s3x_pi.o
LOAD /root/arm_examples/blink/GCC_Project/output/s3x_pwrcfg.o
LOAD /root/arm_examples/blink/GCC_Project/output/s3x_qos.o
LOAD /root/arm_examples/blink/GCC_Project/output/sec_debug.o
LOAD /root/arm_examples/blink/GCC_Project/output/spi_flash.o
LOAD /root/arm_examples/blink/GCC_Project/output/startup_EOSS3B_GCC.o
LOAD /root/arm_examples/blink/GCC_Project/output/stream_buffer.o
LOAD /root/arm_examples/blink/GCC_Project/output/tasks.o
LOAD /root/arm_examples/blink/GCC_Project/output/timers.o
LOAD /root/arm_examples/blink/GCC_Project/output/vectors_CM4F_gcc.o
LOAD /root/arm_examples/blink/GCC_Project/output/watchdog.o
LOAD /usr/lib/gcc/arm-none-eabi/8.3.1/../../../arm-none-eabi/lib/thumb/v7e-m+fp/hard/libm.a
LOAD /data/data/com.termux/files/home/pygmy-dev/pygmy-sdk/Libraries/CMSIS/lib/GCC/libarm_cortexM4lf_math.a
START GROUP
LOAD /usr/lib/gcc/arm-none-eabi/8.3.1/thumb/v7e-m+fp/hard/libgcc.a
LOAD /usr/lib/gcc/arm-none-eabi/8.3.1/../../../arm-none-eabi/lib/thumb/v7e-m+fp/hard/libg_nano.a
LOAD /usr/lib/gcc/arm-none-eabi/8.3.1/../../../arm-none-eabi/lib/thumb/v7e-m+fp/hard/libc_nano.a
END GROUP
START GROUP
LOAD /usr/lib/gcc/arm-none-eabi/8.3.1/thumb/v7e-m+fp/hard/libgcc.a
LOAD /usr/lib/gcc/arm-none-eabi/8.3.1/../../../arm-none-eabi/lib/thumb/v7e-m+fp/hard/libc_nano.a
LOAD /usr/lib/gcc/arm-none-eabi/8.3.1/../../../arm-none-eabi/lib/thumb/v7e-m+fp/hard/libnosys.a
END GROUP
START GROUP
LOAD /usr/lib/gcc/arm-none-eabi/8.3.1/thumb/v7e-m+fp/hard/libgcc.a
LOAD /usr/lib/gcc/arm-none-eabi/8.3.1/../../../arm-none-eabi/lib/thumb/v7e-m+fp/hard/libc_nano.a
LOAD /usr/lib/gcc/arm-none-eabi/8.3.1/../../../arm-none-eabi/lib/thumb/v7e-m+fp/hard/libnosys.a
END GROUP
LOAD /usr/lib/gcc/arm-none-eabi/8.3.1/thumb/v7e-m+fp/hard/crtend.o
LOAD /usr/lib/gcc/arm-none-eabi/8.3.1/thumb/v7e-m+fp/hard/crtn.o

.text           0x0000000000000000     0x8a61
 *(.isr_vector)
 .isr_vector    0x0000000000000000      0x124 /root/arm_examples/blink/GCC_Project/output/vectors_CM4F_gcc.o
                0x0000000000000000                __Vectors
 *(.text*)
 .text          0x0000000000000124       0x88 /usr/lib/gcc/arm-none-eabi/8.3.1/thumb/v7e-m+fp/hard/crtbegin.o
 .text          0x00000000000001ac       0x70 /usr/lib/gcc/arm-none-eabi/8.3.1/../../../arm-none-eabi/lib/thumb/v7e-m+fp/hard/crt0.o
                0x00000000000001ac                _stack_init
                0x00000000000001b4                _mainCRTStartup
                0x00000000000001b4                _start
 .text._write   0x000000000000021c        0xe /root/arm_examples/blink/GCC_Project/output/c_lib_retarget.o
                0x000000000000021c                _write
 .text._close   0x000000000000022a        0x6 /root/arm_examples/blink/GCC_Project/output/c_lib_retarget.o
                0x000000000000022a                _close
 .text._lseek   0x0000000000000230        0x4 /root/arm_examples/blink/GCC_Project/output/c_lib_retarget.o
                0x0000000000000230                _lseek
 .text._read    0x0000000000000234        0x4 /root/arm_examples/blink/GCC_Project/output/c_lib_retarget.o
                0x0000000000000234                _read
 .text.do_str_fetch
                0x0000000000000238       0x38 /root/arm_examples/blink/GCC_Project/output/cli_args.o
 .text.CLI_string_ptr_get_subcmd
                0x0000000000000270       0x20 /root/arm_examples/blink/GCC_Project/output/cli_args.o
                0x0000000000000270                CLI_string_ptr_get_subcmd
 .text.CLI_numX_getshow_X
                0x0000000000000290      0x178 /root/arm_examples/blink/GCC_Project/output/cli_args.o
                0x0000000000000290                CLI_numX_getshow_X
 .text.CLI_uint8_getshow
                0x0000000000000408        0x8 /root/arm_examples/blink/GCC_Project/output/cli_args.o
                0x0000000000000408                CLI_uint8_getshow
 .text.append_key
                0x0000000000000410       0x30 /root/arm_examples/blink/GCC_Project/output/cli_io.o
 .text.get_key_ignore_null
                0x0000000000000440       0x18 /root/arm_examples/blink/GCC_Project/output/cli_io.o
 .text.CLI_getkey_peek
                0x0000000000000458      0x110 /root/arm_examples/blink/GCC_Project/output/cli_io.o
                0x0000000000000458                CLI_getkey_peek
 .text.CLI_getkey
                0x0000000000000568       0x30 /root/arm_examples/blink/GCC_Project/output/cli_io.o
                0x0000000000000568                CLI_getkey
 .text.CLI_col0_timestamp
                0x0000000000000598       0x78 /root/arm_examples/blink/GCC_Project/output/cli_io.o
                0x0000000000000598                CLI_col0_timestamp
 .text.CLI_putc
                0x0000000000000610       0x4c /root/arm_examples/blink/GCC_Project/output/cli_io.o
                0x0000000000000610                CLI_putc
 .text.CLI_puts_no_nl
                0x000000000000065c       0x12 /root/arm_examples/blink/GCC_Project/output/cli_io.o
                0x000000000000065c                CLI_puts_no_nl
 *fill*         0x000000000000066e        0x2 
 .text.CLI_vprintf
                0x0000000000000670       0x24 /root/arm_examples/blink/GCC_Project/output/cli_io.o
                0x0000000000000670                CLI_vprintf
 .text.CLI_printf
                0x0000000000000694       0x1a /root/arm_examples/blink/GCC_Project/output/cli_io.o
                0x0000000000000694                CLI_printf
 *fill*         0x00000000000006ae        0x2 
 .text.handle_help
                0x00000000000006b0       0xc4 /root/arm_examples/blink/GCC_Project/output/cli_loop.o
 .text.CLI_cmd_stack_replace
                0x0000000000000774       0x10 /root/arm_examples/blink/GCC_Project/output/cli_loop.o
                0x0000000000000774                CLI_cmd_stack_replace
 .text.CLI_cmd_stack_push
                0x0000000000000784       0x30 /root/arm_examples/blink/GCC_Project/output/cli_loop.o
                0x0000000000000784                CLI_cmd_stack_push
 .text.CLI_cmd_stack_clear
                0x00000000000007b4       0x24 /root/arm_examples/blink/GCC_Project/output/cli_loop.o
                0x00000000000007b4                CLI_cmd_stack_clear
 .text.CLI_cmd_stack_pop
                0x00000000000007d8       0x40 /root/arm_examples/blink/GCC_Project/output/cli_loop.o
                0x00000000000007d8                CLI_cmd_stack_pop
 .text.handle_exit
                0x0000000000000818       0x1c /root/arm_examples/blink/GCC_Project/output/cli_loop.o
 .text.CLI_init
                0x0000000000000834       0x24 /root/arm_examples/blink/GCC_Project/output/cli_loop.o
                0x0000000000000834                CLI_init
 .text.CLI_print_prompt
                0x0000000000000858       0x44 /root/arm_examples/blink/GCC_Project/output/cli_loop.o
                0x0000000000000858                CLI_print_prompt
 .text.CLI_dispatch_subcmd
                0x000000000000089c       0x84 /root/arm_examples/blink/GCC_Project/output/cli_loop.o
                0x000000000000089c                CLI_dispatch_subcmd
 .text.CLI_dispatch
                0x0000000000000920       0xc0 /root/arm_examples/blink/GCC_Project/output/cli_loop.o
 .text.CLI_submenu_handler
                0x00000000000009e0       0x30 /root/arm_examples/blink/GCC_Project/output/cli_loop.o
                0x00000000000009e0                CLI_submenu_handler
 .text.CLI_verror
                0x0000000000000a10       0x40 /root/arm_examples/blink/GCC_Project/output/cli_loop.o
                0x0000000000000a10                CLI_verror
 .text.CLI_rx_byte
                0x0000000000000a50       0xe8 /root/arm_examples/blink/GCC_Project/output/cli_loop.o
                0x0000000000000a50                CLI_rx_byte
 .text.CLI_is_more_args
                0x0000000000000b38       0x14 /root/arm_examples/blink/GCC_Project/output/cli_misc.o
                0x0000000000000b38                CLI_is_more_args
 .text.CLI_error
                0x0000000000000b4c       0x1a /root/arm_examples/blink/GCC_Project/output/cli_misc.o
                0x0000000000000b4c                CLI_error
 *fill*         0x0000000000000b66        0x2 
 .text.CLI_error_missing_parameter
                0x0000000000000b68        0xc /root/arm_examples/blink/GCC_Project/output/cli_misc.o
                0x0000000000000b68                CLI_error_missing_parameter
 .text.CLI_error_not_a_number
                0x0000000000000b74       0x10 /root/arm_examples/blink/GCC_Project/output/cli_misc.o
                0x0000000000000b74                CLI_error_not_a_number
 .text.CLI_task
                0x0000000000000b84       0x54 /root/arm_examples/blink/GCC_Project/output/cli_platform.o
                0x0000000000000b84                CLI_task
 .text.CLI_time_now
                0x0000000000000bd8        0x4 /root/arm_examples/blink/GCC_Project/output/cli_platform.o
                0x0000000000000bd8                CLI_time_now
 .text.CLI_beep
                0x0000000000000bdc        0x6 /root/arm_examples/blink/GCC_Project/output/cli_platform.o
                0x0000000000000bdc                CLI_beep
 .text.CLI_timeout_expired
                0x0000000000000be2       0x22 /root/arm_examples/blink/GCC_Project/output/cli_platform.o
                0x0000000000000be2                CLI_timeout_expired
 .text.CLI_putc_raw
                0x0000000000000c04        0x8 /root/arm_examples/blink/GCC_Project/output/cli_platform.o
                0x0000000000000c04                CLI_putc_raw
 .text.CLI_getkey_raw
                0x0000000000000c0c       0x3c /root/arm_examples/blink/GCC_Project/output/cli_platform.o
                0x0000000000000c0c                CLI_getkey_raw
 .text.CLI_start_task
                0x0000000000000c48       0x58 /root/arm_examples/blink/GCC_Project/output/cli_platform.o
                0x0000000000000c48                CLI_start_task
 .text.__debug_lockup
                0x0000000000000ca0       0x14 /root/arm_examples/blink/GCC_Project/output/dbg_uart.o
 .text._semihost_write
                0x0000000000000cb4       0x54 /root/arm_examples/blink/GCC_Project/output/dbg_uart.o
                0x0000000000000cb4                _semihost_write
 .text.dbg_ch_raw
                0x0000000000000d08       0x74 /root/arm_examples/blink/GCC_Project/output/dbg_uart.o
                0x0000000000000d08                dbg_ch_raw
 .text.dbg_nl   0x0000000000000d7c       0x12 /root/arm_examples/blink/GCC_Project/output/dbg_uart.o
                0x0000000000000d7c                dbg_nl
 .text.dbg_ch   0x0000000000000d8e        0xc /root/arm_examples/blink/GCC_Project/output/dbg_uart.o
                0x0000000000000d8e                dbg_ch
 .text.dbg_hex4
                0x0000000000000d9a       0x14 /root/arm_examples/blink/GCC_Project/output/dbg_uart.o
 .text.dbg_hex8
                0x0000000000000dae       0x14 /root/arm_examples/blink/GCC_Project/output/dbg_uart.o
                0x0000000000000dae                dbg_hex8
 .text.dbg_hex16
                0x0000000000000dc2       0x14 /root/arm_examples/blink/GCC_Project/output/dbg_uart.o
                0x0000000000000dc2                dbg_hex16
 .text.dbg_hex32
                0x0000000000000dd6       0x14 /root/arm_examples/blink/GCC_Project/output/dbg_uart.o
                0x0000000000000dd6                dbg_hex32
 .text._dbg_int
                0x0000000000000dea       0x20 /root/arm_examples/blink/GCC_Project/output/dbg_uart.o
 .text.dbg_memdumpx
                0x0000000000000e0a       0xea /root/arm_examples/blink/GCC_Project/output/dbg_uart.o
 .text.dbg_str  0x0000000000000ef4       0x84 /root/arm_examples/blink/GCC_Project/output/dbg_uart.o
                0x0000000000000ef4                dbg_str
 .text._dbg_str_xxx
                0x0000000000000f78       0x16 /root/arm_examples/blink/GCC_Project/output/dbg_uart.o
 .text.dbg_str_hexXX
                0x0000000000000f8e       0x22 /root/arm_examples/blink/GCC_Project/output/dbg_uart.o
 .text.dbg_int  0x0000000000000fb0       0x24 /root/arm_examples/blink/GCC_Project/output/dbg_uart.o
                0x0000000000000fb0                dbg_int
 .text.dbg_str_str
                0x0000000000000fd4       0x16 /root/arm_examples/blink/GCC_Project/output/dbg_uart.o
                0x0000000000000fd4                dbg_str_str
 .text.dbg_str_int
                0x0000000000000fea       0x16 /root/arm_examples/blink/GCC_Project/output/dbg_uart.o
                0x0000000000000fea                dbg_str_int
 .text.dbg_str_hex32
                0x0000000000001000        0xc /root/arm_examples/blink/GCC_Project/output/dbg_uart.o
                0x0000000000001000                dbg_str_hex32
 .text.dbg_fatal_error
                0x000000000000100c       0x12 /root/arm_examples/blink/GCC_Project/output/dbg_uart.o
                0x000000000000100c                dbg_fatal_error
 .text.dbg_fatal_error_int
                0x000000000000101e        0xe /root/arm_examples/blink/GCC_Project/output/dbg_uart.o
                0x000000000000101e                dbg_fatal_error_int
 .text.dbg_memdump32
                0x000000000000102c       0x1e /root/arm_examples/blink/GCC_Project/output/dbg_uart.o
                0x000000000000102c                dbg_memdump32
 *fill*         0x000000000000104a        0x2 
 .text.HAL_PAD_Config
                0x000000000000104c      0x17c /root/arm_examples/blink/GCC_Project/output/eoss3_hal_pad_config.o
                0x000000000000104c                HAL_PAD_Config
 .text.configure_s3_pads
                0x00000000000011c8       0x1a /root/arm_examples/blink/GCC_Project/output/eoss3_hal_pad_config.o
                0x00000000000011c8                configure_s3_pads
 *fill*         0x00000000000011e2        0x2 
 .text.eoss3_rtc_enable_irq
                0x00000000000011e4       0x28 /root/arm_examples/blink/GCC_Project/output/eoss3_hal_rtc.o
 .text.write_rtc_reg
                0x000000000000120c       0x18 /root/arm_examples/blink/GCC_Project/output/eoss3_hal_rtc.o
 .text.__rtc_setup_alarm.isra.0
                0x0000000000001224       0x44 /root/arm_examples/blink/GCC_Project/output/eoss3_hal_rtc.o
 .text.HAL_RTC_ISR
                0x0000000000001268       0x24 /root/arm_examples/blink/GCC_Project/output/eoss3_hal_rtc.o
                0x0000000000001268                HAL_RTC_ISR
 .text.unlock_spi1_bus
                0x000000000000128c       0x58 /root/arm_examples/blink/GCC_Project/output/eoss3_hal_spi.o
                0x000000000000128c                unlock_spi1_bus
 .text.SPI_DMA_Complete
                0x00000000000012e4       0x88 /root/arm_examples/blink/GCC_Project/output/eoss3_hal_spi.o
                0x00000000000012e4                SPI_DMA_Complete
 .text.HAL_SPI_IRQHandler
                0x000000000000136c       0x6c /root/arm_examples/blink/GCC_Project/output/eoss3_hal_spi.o
                0x000000000000136c                HAL_SPI_IRQHandler
 .text.HAL_Delay_Init
                0x00000000000013d8       0x54 /root/arm_examples/blink/GCC_Project/output/eoss3_hal_timer.o
                0x00000000000013d8                HAL_Delay_Init
 .text.HAL_DelayUSec
                0x000000000000142c       0x28 /root/arm_examples/blink/GCC_Project/output/eoss3_hal_timer.o
                0x000000000000142c                HAL_DelayUSec
 .text.HAL_Timer_ISR
                0x0000000000001454       0x88 /root/arm_examples/blink/GCC_Project/output/eoss3_hal_timer.o
                0x0000000000001454                HAL_Timer_ISR
 .text.uart_disable_irqs
                0x00000000000014dc       0x18 /root/arm_examples/blink/GCC_Project/output/eoss3_hal_uart.o
 .text.uart_baud_rate
                0x00000000000014f4       0x60 /root/arm_examples/blink/GCC_Project/output/eoss3_hal_uart.o
 .text.is_hw_uart_enabled
                0x0000000000001554       0x20 /root/arm_examples/blink/GCC_Project/output/eoss3_hal_uart.o
 .text.uart_lpm_callback
                0x0000000000001574       0x74 /root/arm_examples/blink/GCC_Project/output/eoss3_hal_uart.o
 .text.uart_init
                0x00000000000015e8      0x164 /root/arm_examples/blink/GCC_Project/output/eoss3_hal_uart.o
                0x00000000000015e8                uart_init
 .text.uart_isr_handler
                0x000000000000174c       0x90 /root/arm_examples/blink/GCC_Project/output/eoss3_hal_uart.o
                0x000000000000174c                uart_isr_handler
 .text.uart_tx_raw
                0x00000000000017dc       0x38 /root/arm_examples/blink/GCC_Project/output/eoss3_hal_uart.o
                0x00000000000017dc                uart_tx_raw
 .text.uart_tx  0x0000000000001814       0x1c /root/arm_examples/blink/GCC_Project/output/eoss3_hal_uart.o
                0x0000000000001814                uart_tx
 .text.uart_tx_buf
                0x0000000000001830       0x1a /root/arm_examples/blink/GCC_Project/output/eoss3_hal_uart.o
                0x0000000000001830                uart_tx_buf
 *fill*         0x000000000000184a        0x2 
 .text.uart_rx_wait
                0x000000000000184c       0x34 /root/arm_examples/blink/GCC_Project/output/eoss3_hal_uart.o
                0x000000000000184c                uart_rx_wait
 .text.uart_rx_available
                0x0000000000001880       0x34 /root/arm_examples/blink/GCC_Project/output/eoss3_hal_uart.o
                0x0000000000001880                uart_rx_available
 .text.uart_rx  0x00000000000018b4       0x60 /root/arm_examples/blink/GCC_Project/output/eoss3_hal_uart.o
                0x00000000000018b4                uart_rx
 .text.WDT_ISR  0x0000000000001914       0x8c /root/arm_examples/blink/GCC_Project/output/eoss3_hal_wdt.o
                0x0000000000001914                WDT_ISR
 .text.spurious_interrupt
                0x00000000000019a0        0xc /root/arm_examples/blink/GCC_Project/output/exceptions.o
 .text.prvGetRegistersFromStack
                0x00000000000019ac       0xf0 /root/arm_examples/blink/GCC_Project/output/exceptions.o
                0x00000000000019ac                prvGetRegistersFromStack
 .text.HardFault_Handler
                0x0000000000001a9c       0x16 /root/arm_examples/blink/GCC_Project/output/exceptions.o
                0x0000000000001a9c                HardFault_Handler
 .text.NMI_Handler
                0x0000000000001ab2        0x6 /root/arm_examples/blink/GCC_Project/output/exceptions.o
                0x0000000000001ab2                NMI_Handler
 .text.MemManage_Handler
                0x0000000000001ab8        0x6 /root/arm_examples/blink/GCC_Project/output/exceptions.o
                0x0000000000001ab8                MemManage_Handler
 .text.BusFault_Handler
                0x0000000000001abe        0x6 /root/arm_examples/blink/GCC_Project/output/exceptions.o
                0x0000000000001abe                BusFault_Handler
 .text.UsageFault_Handler
                0x0000000000001ac4        0x6 /root/arm_examples/blink/GCC_Project/output/exceptions.o
                0x0000000000001ac4                UsageFault_Handler
 .text.DebugMon_Handler
                0x0000000000001aca        0x6 /root/arm_examples/blink/GCC_Project/output/exceptions.o
                0x0000000000001aca                DebugMon_Handler
 .text.Uart_Handler
                0x0000000000001ad0       0x50 /root/arm_examples/blink/GCC_Project/output/exceptions.o
                0x0000000000001ad0                Uart_Handler
 .text.Timer_Handler
                0x0000000000001b20       0x24 /root/arm_examples/blink/GCC_Project/output/exceptions.o
                0x0000000000001b20                Timer_Handler
 .text.CpuWdtInt_Handler
                0x0000000000001b44       0x24 /root/arm_examples/blink/GCC_Project/output/exceptions.o
                0x0000000000001b44                CpuWdtInt_Handler
 .text.CpuWdtRst_Handler
                0x0000000000001b68        0x6 /root/arm_examples/blink/GCC_Project/output/exceptions.o
                0x0000000000001b68                CpuWdtRst_Handler
 .text.BusTimeout_Handler
                0x0000000000001b6e        0x6 /root/arm_examples/blink/GCC_Project/output/exceptions.o
                0x0000000000001b6e                BusTimeout_Handler
 .text.Fpu_Handler
                0x0000000000001b74        0x6 /root/arm_examples/blink/GCC_Project/output/exceptions.o
                0x0000000000001b74                Fpu_Handler
 *fill*         0x0000000000001b7a        0x2 
 .text.Pkfb_Handler
                0x0000000000001b7c       0x10 /root/arm_examples/blink/GCC_Project/output/exceptions.o
                0x0000000000001b7c                Pkfb_Handler
 .text.I2s_Handler
                0x0000000000001b8c        0x6 /root/arm_examples/blink/GCC_Project/output/exceptions.o
                0x0000000000001b8c                I2s_Handler
 .text.Audio_Handler
                0x0000000000001b92        0x6 /root/arm_examples/blink/GCC_Project/output/exceptions.o
                0x0000000000001b92                Audio_Handler
 .text.SpiMs_Handler
                0x0000000000001b98       0x5c /root/arm_examples/blink/GCC_Project/output/exceptions.o
                0x0000000000001b98                SpiMs_Handler
 .text.CfgDma_Handler
                0x0000000000001bf4       0x28 /root/arm_examples/blink/GCC_Project/output/exceptions.o
                0x0000000000001bf4                CfgDma_Handler
 .text.PmuTimer_Handler
                0x0000000000001c1c        0x2 /root/arm_examples/blink/GCC_Project/output/exceptions.o
                0x0000000000001c1c                PmuTimer_Handler
 .text.AdcDone_Handler
                0x0000000000001c1e        0x8 /root/arm_examples/blink/GCC_Project/output/exceptions.o
                0x0000000000001c1e                AdcDone_Handler
 *fill*         0x0000000000001c26        0x2 
 .text.RtcAlarm_Handler
                0x0000000000001c28       0x1c /root/arm_examples/blink/GCC_Project/output/exceptions.o
                0x0000000000001c28                RtcAlarm_Handler
 .text.ResetInt_Handler
                0x0000000000001c44        0x8 /root/arm_examples/blink/GCC_Project/output/exceptions.o
                0x0000000000001c44                ResetInt_Handler
 .text.Ffe0_Handler
                0x0000000000001c4c       0x18 /root/arm_examples/blink/GCC_Project/output/exceptions.o
                0x0000000000001c4c                Ffe0_Handler
 .text.FbMsg_Handler
                0x0000000000001c64       0x6c /root/arm_examples/blink/GCC_Project/output/exceptions.o
                0x0000000000001c64                FbMsg_Handler
 .text.SensorGpio_Handler
                0x0000000000001cd0        0x8 /root/arm_examples/blink/GCC_Project/output/exceptions.o
                0x0000000000001cd0                SensorGpio_Handler
 .text.M4SramSleep_Handler
                0x0000000000001cd8        0x8 /root/arm_examples/blink/GCC_Project/output/exceptions.o
                0x0000000000001cd8                M4SramSleep_Handler
 .text.LDO30_PG_Handler
                0x0000000000001ce0        0x8 /root/arm_examples/blink/GCC_Project/output/exceptions.o
                0x0000000000001ce0                LDO30_PG_Handler
 .text.LDO50_PG_Handler
                0x0000000000001ce8        0x8 /root/arm_examples/blink/GCC_Project/output/exceptions.o
                0x0000000000001ce8                LDO50_PG_Handler
 .text.DMIC_Voice_Det_Handler
                0x0000000000001cf0        0x8 /root/arm_examples/blink/GCC_Project/output/exceptions.o
                0x0000000000001cf0                DMIC_Voice_Det_Handler
 .text.ApPDMClkOn_Handler
                0x0000000000001cf8        0x8 /root/arm_examples/blink/GCC_Project/output/exceptions.o
                0x0000000000001cf8                ApPDMClkOn_Handler
 .text.ApPDMClkOff_Handler
                0x0000000000001d00        0x8 /root/arm_examples/blink/GCC_Project/output/exceptions.o
                0x0000000000001d00                ApPDMClkOff_Handler
 .text.Dmac0BlkDone_Handler
                0x0000000000001d08        0x8 /root/arm_examples/blink/GCC_Project/output/exceptions.o
                0x0000000000001d08                Dmac0BlkDone_Handler
 .text.Dmac0BufDone_Handler
                0x0000000000001d10        0x8 /root/arm_examples/blink/GCC_Project/output/exceptions.o
                0x0000000000001d10                Dmac0BufDone_Handler
 .text.Dmac1BlkDone_Handler
                0x0000000000001d18        0x8 /root/arm_examples/blink/GCC_Project/output/exceptions.o
                0x0000000000001d18                Dmac1BlkDone_Handler
 .text.Dmac1BufDone_Handler
                0x0000000000001d20        0x8 /root/arm_examples/blink/GCC_Project/output/exceptions.o
                0x0000000000001d20                Dmac1BufDone_Handler
 .text.Sdma0Done_Handler
                0x0000000000001d28        0x8 /root/arm_examples/blink/GCC_Project/output/exceptions.o
                0x0000000000001d28                Sdma0Done_Handler
 .text.Sdma1Done_Handler
                0x0000000000001d30        0x8 /root/arm_examples/blink/GCC_Project/output/exceptions.o
                0x0000000000001d30                Sdma1Done_Handler
 .text.Sdma2Done_Handler
                0x0000000000001d38        0x8 /root/arm_examples/blink/GCC_Project/output/exceptions.o
                0x0000000000001d38                Sdma2Done_Handler
 .text.Sdma3Done_Handler
                0x0000000000001d40        0x8 /root/arm_examples/blink/GCC_Project/output/exceptions.o
                0x0000000000001d40                Sdma3Done_Handler
 .text.Sdma4Done_Handler
                0x0000000000001d48        0x8 /root/arm_examples/blink/GCC_Project/output/exceptions.o
                0x0000000000001d48                Sdma4Done_Handler
 .text.Sdma5Done_Handler
                0x0000000000001d50        0x8 /root/arm_examples/blink/GCC_Project/output/exceptions.o
                0x0000000000001d50                Sdma5Done_Handler
 .text.Sdma6Done_Handler
                0x0000000000001d58        0x8 /root/arm_examples/blink/GCC_Project/output/exceptions.o
                0x0000000000001d58                Sdma6Done_Handler
 .text.Sdma7Done_Handler
                0x0000000000001d60        0x8 /root/arm_examples/blink/GCC_Project/output/exceptions.o
                0x0000000000001d60                Sdma7Done_Handler
 .text.Sdma8Done_Handler
                0x0000000000001d68        0x8 /root/arm_examples/blink/GCC_Project/output/exceptions.o
                0x0000000000001d68                Sdma8Done_Handler
 .text.Sdma9Done_Handler
                0x0000000000001d70        0x8 /root/arm_examples/blink/GCC_Project/output/exceptions.o
                0x0000000000001d70                Sdma9Done_Handler
 .text.Sdma10Done_Handler
                0x0000000000001d78        0x8 /root/arm_examples/blink/GCC_Project/output/exceptions.o
                0x0000000000001d78                Sdma10Done_Handler
 .text.Sdma11Done_Handler
                0x0000000000001d80        0x8 /root/arm_examples/blink/GCC_Project/output/exceptions.o
                0x0000000000001d80                Sdma11Done_Handler
 .text.SdmaErr_Handler
                0x0000000000001d88        0x8 /root/arm_examples/blink/GCC_Project/output/exceptions.o
                0x0000000000001d88                SdmaErr_Handler
 .text.I2S_SlvM4TxOr_Handler
                0x0000000000001d90        0x8 /root/arm_examples/blink/GCC_Project/output/exceptions.o
                0x0000000000001d90                I2S_SlvM4TxOr_Handler
 .text.SRAM_128KB_Handler
                0x0000000000001d98        0x8 /root/arm_examples/blink/GCC_Project/output/exceptions.o
                0x0000000000001d98                SRAM_128KB_Handler
 .text.LPSD_Voice_Det_Handler
                0x0000000000001da0        0x8 /root/arm_examples/blink/GCC_Project/output/exceptions.o
                0x0000000000001da0                LPSD_Voice_Det_Handler
 .text.FfeWdt_Handler
                0x0000000000001da8        0x8 /root/arm_examples/blink/GCC_Project/output/exceptions.o
                0x0000000000001da8                FfeWdt_Handler
 .text.ApBoot_Handler
                0x0000000000001db0        0x8 /root/arm_examples/blink/GCC_Project/output/exceptions.o
                0x0000000000001db0                ApBoot_Handler
 .text.SwInt2_Handler
                0x0000000000001db8        0x8 /root/arm_examples/blink/GCC_Project/output/exceptions.o
                0x0000000000001db8                SwInt2_Handler
 .text.SwInt1_Handler
                0x0000000000001dc0       0x24 /root/arm_examples/blink/GCC_Project/output/exceptions.o
                0x0000000000001dc0                SwInt1_Handler
 .text.Ffe0Msg_Handler
                0x0000000000001de4        0x8 /root/arm_examples/blink/GCC_Project/output/exceptions.o
                0x0000000000001de4                Ffe0Msg_Handler
 .text.lpsdVoiceOffHandler
                0x0000000000001dec        0x8 /root/arm_examples/blink/GCC_Project/output/exceptions.o
                0x0000000000001dec                lpsdVoiceOffHandler
 .text.dmicVoiceOffHandler
                0x0000000000001df4        0x8 /root/arm_examples/blink/GCC_Project/output/exceptions.o
                0x0000000000001df4                dmicVoiceOffHandler
 .text.vApplicationMallocFailedHook
                0x0000000000001dfc       0x24 /root/arm_examples/blink/GCC_Project/output/exceptions.o
                0x0000000000001dfc                vApplicationMallocFailedHook
 .text.vApplicationStackOverflowHook
                0x0000000000001e20       0x24 /root/arm_examples/blink/GCC_Project/output/exceptions.o
                0x0000000000001e20                vApplicationStackOverflowHook
 .text.vApplicationTickHook
                0x0000000000001e44        0x2 /root/arm_examples/blink/GCC_Project/output/exceptions.o
                0x0000000000001e44                vApplicationTickHook
 *fill*         0x0000000000001e46        0x2 
 .text.prvInsertBlockIntoFreeList
                0x0000000000001e48       0x74 /root/arm_examples/blink/GCC_Project/output/heap_4.o
 .text.pvPortMalloc
                0x0000000000001ebc      0x198 /root/arm_examples/blink/GCC_Project/output/heap_4.o
                0x0000000000001ebc                pvPortMalloc
 .text.vPortFree
                0x0000000000002054       0xa0 /root/arm_examples/blink/GCC_Project/output/heap_4.o
                0x0000000000002054                vPortFree
 .text.vListInitialise
                0x00000000000020f4       0x16 /root/arm_examples/blink/GCC_Project/output/list.o
                0x00000000000020f4                vListInitialise
 .text.vListInitialiseItem
                0x000000000000210a        0x6 /root/arm_examples/blink/GCC_Project/output/list.o
                0x000000000000210a                vListInitialiseItem
 .text.vListInsertEnd
                0x0000000000002110       0x18 /root/arm_examples/blink/GCC_Project/output/list.o
                0x0000000000002110                vListInsertEnd
 .text.vListInsert
                0x0000000000002128       0x2e /root/arm_examples/blink/GCC_Project/output/list.o
                0x0000000000002128                vListInsert
 .text.uxListRemove
                0x0000000000002156       0x20 /root/arm_examples/blink/GCC_Project/output/list.o
                0x0000000000002156                uxListRemove
 .text.SystemInit
                0x0000000000002176        0x2 /root/arm_examples/blink/GCC_Project/output/main.o
                0x0000000000002176                SystemInit
 .text.PyHal_GPIO_Set
                0x0000000000002178       0x34 /root/arm_examples/blink/GCC_Project/output/main.o
                0x0000000000002178                PyHal_GPIO_Set
 .text.startup.main
                0x00000000000021ac       0xe8 /root/arm_examples/blink/GCC_Project/output/main.o
                0x00000000000021ac                main
 .text.set_gpio_input
                0x0000000000002294       0x34 /root/arm_examples/blink/GCC_Project/output/main_dbg_cli_menu.o
 .text.set_gpio_output
                0x00000000000022c8       0x60 /root/arm_examples/blink/GCC_Project/output/main_dbg_cli_menu.o
 .text.get_gpio_value
                0x0000000000002328       0x50 /root/arm_examples/blink/GCC_Project/output/main_dbg_cli_menu.o
 .text.prvTaskExitError
                0x0000000000002378       0x50 /root/arm_examples/blink/GCC_Project/output/port.o
 .text.pxPortInitialiseStack
                0x00000000000023c8       0x2c /root/arm_examples/blink/GCC_Project/output/port.o
                0x00000000000023c8                pxPortInitialiseStack
 *fill*         0x00000000000023f4        0xc 
 .text.SVC_Handler
                0x0000000000002400       0x24 /root/arm_examples/blink/GCC_Project/output/port.o
                0x0000000000002400                SVC_Handler
 .text.vPortEnterCritical
                0x0000000000002424       0x58 /root/arm_examples/blink/GCC_Project/output/port.o
                0x0000000000002424                vPortEnterCritical
 .text.vPortExitCritical
                0x000000000000247c       0x3c /root/arm_examples/blink/GCC_Project/output/port.o
                0x000000000000247c                vPortExitCritical
 *fill*         0x00000000000024b8        0x8 
 .text.PendSV_Handler
                0x00000000000024c0       0x64 /root/arm_examples/blink/GCC_Project/output/port.o
                0x00000000000024c0                PendSV_Handler
 .text.xPortSysTickHandler
                0x0000000000002524       0x2c /root/arm_examples/blink/GCC_Project/output/port.o
                0x0000000000002524                xPortSysTickHandler
 .text.vPortValidateInterruptPriority
                0x0000000000002550       0x7c /root/arm_examples/blink/GCC_Project/output/port.o
                0x0000000000002550                vPortValidateInterruptPriority
 .text.system_init
                0x00000000000025cc       0x6c /root/arm_examples/blink/GCC_Project/output/qf_hardwaresetup.o
                0x00000000000025cc                system_init
 .text.qf_hardwareSetup
                0x0000000000002638       0x74 /root/arm_examples/blink/GCC_Project/output/qf_hardwaresetup.o
                0x0000000000002638                qf_hardwareSetup
 .text.prvIsQueueEmpty
                0x00000000000026ac       0x16 /root/arm_examples/blink/GCC_Project/output/queue.o
 .text.prvCopyDataToQueue
                0x00000000000026c2       0x78 /root/arm_examples/blink/GCC_Project/output/queue.o
 .text.prvCopyDataFromQueue
                0x000000000000273a       0x2a /root/arm_examples/blink/GCC_Project/output/queue.o
 .text.prvUnlockQueue
                0x0000000000002764       0x70 /root/arm_examples/blink/GCC_Project/output/queue.o
 .text.xQueueGenericReset
                0x00000000000027d4       0x90 /root/arm_examples/blink/GCC_Project/output/queue.o
                0x00000000000027d4                xQueueGenericReset
 .text.xQueueGenericCreate
                0x0000000000002864       0x74 /root/arm_examples/blink/GCC_Project/output/queue.o
                0x0000000000002864                xQueueGenericCreate
 .text.xQueueGenericSend
                0x00000000000028d8      0x198 /root/arm_examples/blink/GCC_Project/output/queue.o
                0x00000000000028d8                xQueueGenericSend
 .text.xQueueGenericSendFromISR
                0x0000000000002a70       0xf0 /root/arm_examples/blink/GCC_Project/output/queue.o
                0x0000000000002a70                xQueueGenericSendFromISR
 .text.xQueueGenericSendFromISRDebug
                0x0000000000002b60       0x30 /root/arm_examples/blink/GCC_Project/output/queue.o
                0x0000000000002b60                xQueueGenericSendFromISRDebug
 .text.xQueueGiveFromISR
                0x0000000000002b90       0xdc /root/arm_examples/blink/GCC_Project/output/queue.o
                0x0000000000002b90                xQueueGiveFromISR
 .text.xQueueReceive
                0x0000000000002c6c      0x160 /root/arm_examples/blink/GCC_Project/output/queue.o
                0x0000000000002c6c                xQueueReceive
 .text.xQueueSemaphoreTake
                0x0000000000002dcc      0x1b0 /root/arm_examples/blink/GCC_Project/output/queue.o
                0x0000000000002dcc                xQueueSemaphoreTake
 .text.xQueuePeek
                0x0000000000002f7c      0x160 /root/arm_examples/blink/GCC_Project/output/queue.o
                0x0000000000002f7c                xQueuePeek
 .text.uxQueueMessagesWaiting
                0x00000000000030dc       0x38 /root/arm_examples/blink/GCC_Project/output/queue.o
                0x00000000000030dc                uxQueueMessagesWaiting
 .text.vQueueAddToRegistry
                0x0000000000003114       0x24 /root/arm_examples/blink/GCC_Project/output/queue.o
                0x0000000000003114                vQueueAddToRegistry
 .text.s3x_clkd_write_div
                0x0000000000003138       0xa8 /root/arm_examples/blink/GCC_Project/output/s3x_clock.o
 .text.s3x_clkd_read_div
                0x00000000000031e0       0x44 /root/arm_examples/blink/GCC_Project/output/s3x_clock.o
 .text.s3x_clkd_cal_div.part.1
                0x0000000000003224       0x30 /root/arm_examples/blink/GCC_Project/output/s3x_clock.o
 .text.S3x_Id_To_Domain
                0x0000000000003254       0x1c /root/arm_examples/blink/GCC_Project/output/s3x_clock.o
                0x0000000000003254                S3x_Id_To_Domain
 .text.S3x_Clkd_Get_Cpu_Rate
                0x0000000000003270        0xc /root/arm_examples/blink/GCC_Project/output/s3x_clock.o
                0x0000000000003270                S3x_Clkd_Get_Cpu_Rate
 .text.s3x_clkd_update_div_val
                0x000000000000327c       0x4c /root/arm_examples/blink/GCC_Project/output/s3x_clock.o
                0x000000000000327c                s3x_clkd_update_div_val
 .text.s3x_clkd_update_fd_rate
                0x00000000000032c8        0xe /root/arm_examples/blink/GCC_Project/output/s3x_clock.o
                0x00000000000032c8                s3x_clkd_update_fd_rate
 *fill*         0x00000000000032d6        0x2 
 .text.s3x_clkd_update_sd_div
                0x00000000000032d8       0x5c /root/arm_examples/blink/GCC_Project/output/s3x_clock.o
 .text.s3x_clkd_update_all_src_div
                0x0000000000003334       0xcc /root/arm_examples/blink/GCC_Project/output/s3x_clock.o
                0x0000000000003334                s3x_clkd_update_all_src_div
 .text.S3x_Clkd_Get_Hsosc_Rate
                0x0000000000003400       0x34 /root/arm_examples/blink/GCC_Project/output/s3x_clock.o
                0x0000000000003400                S3x_Clkd_Get_Hsosc_Rate
 .text.S3x_Clkd_Change_Hsosc
                0x0000000000003434       0x70 /root/arm_examples/blink/GCC_Project/output/s3x_clock.o
                0x0000000000003434                S3x_Clkd_Change_Hsosc
 .text.s3x_clkd_get_src_rate
                0x00000000000034a4       0x12 /root/arm_examples/blink/GCC_Project/output/s3x_clock.o
                0x00000000000034a4                s3x_clkd_get_src_rate
 *fill*         0x00000000000034b6        0x2 
 .text.s3x_clkd_get_div
                0x00000000000034b8       0x74 /root/arm_examples/blink/GCC_Project/output/s3x_clock.o
                0x00000000000034b8                s3x_clkd_get_div
 .text.s3x_clkd_srate
                0x000000000000352c      0x168 /root/arm_examples/blink/GCC_Project/output/s3x_clock.o
 .text.s3x_clkd_grate
                0x0000000000003694       0x8c /root/arm_examples/blink/GCC_Project/output/s3x_clock.o
 .text.s3x_clkd_set_src_div_st
                0x0000000000003720       0x4c /root/arm_examples/blink/GCC_Project/output/s3x_clock.o
 .text.s3x_update_clk_rate
                0x000000000000376c       0xb0 /root/arm_examples/blink/GCC_Project/output/s3x_clock.o
                0x000000000000376c                s3x_update_clk_rate
 .text.s3x_clkd_get_gate_mask_st
                0x000000000000381c       0x16 /root/arm_examples/blink/GCC_Project/output/s3x_clock.o
                0x000000000000381c                s3x_clkd_get_gate_mask_st
 *fill*         0x0000000000003832        0x2 
 .text.s3x_clkd_set_gate_mask
                0x0000000000003834       0x50 /root/arm_examples/blink/GCC_Project/output/s3x_clock.o
                0x0000000000003834                s3x_clkd_set_gate_mask
 .text.s3x_clkd_enable_gate
                0x0000000000003884       0x68 /root/arm_examples/blink/GCC_Project/output/s3x_clock.o
 .text.s3x_clkd_disable_gate
                0x00000000000038ec       0x54 /root/arm_examples/blink/GCC_Project/output/s3x_clock.o
 .text._S3x_Clk_Enable
                0x0000000000003940       0xb8 /root/arm_examples/blink/GCC_Project/output/s3x_clock.o
                0x0000000000003940                _S3x_Clk_Enable
 .text._S3x_Clk_Disable
                0x00000000000039f8       0xc8 /root/arm_examples/blink/GCC_Project/output/s3x_clock.o
                0x00000000000039f8                _S3x_Clk_Disable
 .text._S3x_Clk_Get_Status
                0x0000000000003ac0       0x2c /root/arm_examples/blink/GCC_Project/output/s3x_clock.o
                0x0000000000003ac0                _S3x_Clk_Get_Status
 .text._S3x_Clk_Get_Rate
                0x0000000000003aec       0x28 /root/arm_examples/blink/GCC_Project/output/s3x_clock.o
                0x0000000000003aec                _S3x_Clk_Get_Rate
 .text.S3x_Clk_Init
                0x0000000000003b14      0x15c /root/arm_examples/blink/GCC_Project/output/s3x_clock.o
                0x0000000000003b14                S3x_Clk_Init
 .text.S3x_Clk_Enable
                0x0000000000003c70        0x4 /root/arm_examples/blink/GCC_Project/output/s3x_clock_hal.o
                0x0000000000003c70                S3x_Clk_Enable
 .text.S3x_Clk_Disable
                0x0000000000003c74        0x4 /root/arm_examples/blink/GCC_Project/output/s3x_clock_hal.o
                0x0000000000003c74                S3x_Clk_Disable
 .text.S3x_Clk_Get_Rate
                0x0000000000003c78        0x4 /root/arm_examples/blink/GCC_Project/output/s3x_clock_hal.o
                0x0000000000003c78                S3x_Clk_Get_Rate
 .text.DFS_cpuload
                0x0000000000003c7c       0x4c /root/arm_examples/blink/GCC_Project/output/s3x_cpuload.o
                0x0000000000003c7c                DFS_cpuload
 .text.DFS_resetsleepticks
                0x0000000000003cc8        0xc /root/arm_examples/blink/GCC_Project/output/s3x_cpuload.o
                0x0000000000003cc8                DFS_resetsleepticks
 .text.DFS_UpdateTimer
                0x0000000000003cd4       0x5c /root/arm_examples/blink/GCC_Project/output/s3x_dfs.o
 .text.DFS_StartTimer
                0x0000000000003d30       0x88 /root/arm_examples/blink/GCC_Project/output/s3x_dfs.o
                0x0000000000003d30                DFS_StartTimer
 .text.S3x_Set_Policy
                0x0000000000003db8       0xf8 /root/arm_examples/blink/GCC_Project/output/s3x_dfs.o
                0x0000000000003db8                S3x_Set_Policy
 .text.S3x_get_max_rate_dfs_node
                0x0000000000003eb0       0x28 /root/arm_examples/blink/GCC_Project/output/s3x_dfs.o
                0x0000000000003eb0                S3x_get_max_rate_dfs_node
 .text.S3x_Stepup_Policy
                0x0000000000003ed8       0x78 /root/arm_examples/blink/GCC_Project/output/s3x_dfs.o
 .text.DFS_TimerCB
                0x0000000000003f50        0xe /root/arm_examples/blink/GCC_Project/output/s3x_dfs.o
 *fill*         0x0000000000003f5e        0x2 
 .text.DFS_Get_Curr_Policy
                0x0000000000003f60        0xc /root/arm_examples/blink/GCC_Project/output/s3x_dfs.o
                0x0000000000003f60                DFS_Get_Curr_Policy
 .text.DFS_Initialize
                0x0000000000003f6c       0x14 /root/arm_examples/blink/GCC_Project/output/s3x_dfs.o
                0x0000000000003f6c                DFS_Initialize
 .text.S3x_Register_Lpm_Cb
                0x0000000000003f80       0x3c /root/arm_examples/blink/GCC_Project/output/s3x_lpm.o
                0x0000000000003f80                S3x_Register_Lpm_Cb
 .text.s3x_setup_systick_interrupt
                0x0000000000003fbc       0x54 /root/arm_examples/blink/GCC_Project/output/s3x_lpm.o
                0x0000000000003fbc                s3x_setup_systick_interrupt
 .text.SysTick_Handler
                0x0000000000004010       0x12 /root/arm_examples/blink/GCC_Project/output/s3x_lpm.o
                0x0000000000004010                SysTick_Handler
 *fill*         0x0000000000004022        0x2 
 .text.s3x_get_pi
                0x0000000000004024       0x20 /root/arm_examples/blink/GCC_Project/output/s3x_pi.o
                0x0000000000004024                s3x_get_pi
 .text.s3x_get_pi_gindex
                0x0000000000004044       0x14 /root/arm_examples/blink/GCC_Project/output/s3x_pi.o
                0x0000000000004044                s3x_get_pi_gindex
 .text.s3x_pi_get_st
                0x0000000000004058       0x24 /root/arm_examples/blink/GCC_Project/output/s3x_pi.o
                0x0000000000004058                s3x_pi_get_st
 .text.s3x_pi_set_cfg_st
                0x000000000000407c       0x94 /root/arm_examples/blink/GCC_Project/output/s3x_pi.o
                0x000000000000407c                s3x_pi_set_cfg_st
 .text.s3x_pi_set_active_st
                0x0000000000004110       0xa8 /root/arm_examples/blink/GCC_Project/output/s3x_pi.o
                0x0000000000004110                s3x_pi_set_active_st
 .text.s3x_pi_get_clkg_st
                0x00000000000041b8       0x36 /root/arm_examples/blink/GCC_Project/output/s3x_pi.o
                0x00000000000041b8                s3x_pi_get_clkg_st
 .text.s3x_pi_set_clkg_st
                0x00000000000041ee       0x26 /root/arm_examples/blink/GCC_Project/output/s3x_pi.o
                0x00000000000041ee                s3x_pi_set_clkg_st
 .text.s3x_set_pi_state
                0x0000000000004214        0xc /root/arm_examples/blink/GCC_Project/output/s3x_pi.o
                0x0000000000004214                s3x_set_pi_state
 .text.s3x_get_pi_init_state
                0x0000000000004220       0x18 /root/arm_examples/blink/GCC_Project/output/s3x_pi.o
                0x0000000000004220                s3x_get_pi_init_state
 .text.S3x_pi_init
                0x0000000000004238       0x20 /root/arm_examples/blink/GCC_Project/output/s3x_pi.o
                0x0000000000004238                S3x_pi_init
 .text.S3x_pwrcfg_init
                0x0000000000004258       0x2c /root/arm_examples/blink/GCC_Project/output/s3x_pwrcfg.o
                0x0000000000004258                S3x_pwrcfg_init
 .text.S3x_get_qos_rate
                0x0000000000004284       0x38 /root/arm_examples/blink/GCC_Project/output/s3x_qos.o
                0x0000000000004284                S3x_get_qos_rate
 .text.save_assert_info
                0x00000000000042bc       0x74 /root/arm_examples/blink/GCC_Project/output/sec_debug.o
                0x00000000000042bc                save_assert_info
 .text.invoke_soft_fault
                0x0000000000004330       0x20 /root/arm_examples/blink/GCC_Project/output/sec_debug.o
                0x0000000000004330                invoke_soft_fault
 .text.Reset_Handler
                0x0000000000004350       0x2c /root/arm_examples/blink/GCC_Project/output/startup_EOSS3B_GCC.o
                0x0000000000004350                Reset_Handler
 .text.__semihost_call
                0x000000000000437c        0x6 /root/arm_examples/blink/GCC_Project/output/startup_EOSS3B_GCC.o
                0x000000000000437c                __semihost_call
 *fill*         0x0000000000004382        0x2 
 .text.prvResetNextTaskUnblockTime
                0x0000000000004384       0x24 /root/arm_examples/blink/GCC_Project/output/tasks.o
 .text.prvAddCurrentTaskToDelayedList
                0x00000000000043a8       0x8c /root/arm_examples/blink/GCC_Project/output/tasks.o
 .text.xTaskCreate
                0x0000000000004434      0x1dc /root/arm_examples/blink/GCC_Project/output/tasks.o
                0x0000000000004434                xTaskCreate
 .text.vTaskSuspendAll
                0x0000000000004610       0x10 /root/arm_examples/blink/GCC_Project/output/tasks.o
                0x0000000000004610                vTaskSuspendAll
 .text.xTaskGetTickCount
                0x0000000000004620        0xc /root/arm_examples/blink/GCC_Project/output/tasks.o
                0x0000000000004620                xTaskGetTickCount
 .text.xTaskIncrementTick
                0x000000000000462c      0x144 /root/arm_examples/blink/GCC_Project/output/tasks.o
                0x000000000000462c                xTaskIncrementTick
 .text.xTaskResumeAll
                0x0000000000004770       0xfc /root/arm_examples/blink/GCC_Project/output/tasks.o
                0x0000000000004770                xTaskResumeAll
 .text.vTaskDelay
                0x000000000000486c       0x60 /root/arm_examples/blink/GCC_Project/output/tasks.o
                0x000000000000486c                vTaskDelay
 .text.vTaskSwitchContext
                0x00000000000048cc       0xb8 /root/arm_examples/blink/GCC_Project/output/tasks.o
                0x00000000000048cc                vTaskSwitchContext
 .text.vTaskPlaceOnEventList
                0x0000000000004984       0x48 /root/arm_examples/blink/GCC_Project/output/tasks.o
                0x0000000000004984                vTaskPlaceOnEventList
 .text.xTaskRemoveFromEventList
                0x00000000000049cc       0x98 /root/arm_examples/blink/GCC_Project/output/tasks.o
                0x00000000000049cc                xTaskRemoveFromEventList
 .text.vTaskInternalSetTimeOutState
                0x0000000000004a64       0x18 /root/arm_examples/blink/GCC_Project/output/tasks.o
                0x0000000000004a64                vTaskInternalSetTimeOutState
 .text.xTaskCheckForTimeOut
                0x0000000000004a7c       0x94 /root/arm_examples/blink/GCC_Project/output/tasks.o
                0x0000000000004a7c                xTaskCheckForTimeOut
 .text.vTaskMissedYield
                0x0000000000004b10        0xc /root/arm_examples/blink/GCC_Project/output/tasks.o
                0x0000000000004b10                vTaskMissedYield
 .text.uxTaskGetTCBNumber
                0x0000000000004b1c       0x14 /root/arm_examples/blink/GCC_Project/output/tasks.o
                0x0000000000004b1c                uxTaskGetTCBNumber
 .text.xTaskGetCurrentTaskHandle
                0x0000000000004b30        0xc /root/arm_examples/blink/GCC_Project/output/tasks.o
                0x0000000000004b30                xTaskGetCurrentTaskHandle
 .text.xTaskGetSchedulerState
                0x0000000000004b3c       0x20 /root/arm_examples/blink/GCC_Project/output/tasks.o
                0x0000000000004b3c                xTaskGetSchedulerState
 .text.xTaskPriorityInherit
                0x0000000000004b5c       0xa4 /root/arm_examples/blink/GCC_Project/output/tasks.o
                0x0000000000004b5c                xTaskPriorityInherit
 .text.xTaskPriorityDisinherit
                0x0000000000004c00       0xc0 /root/arm_examples/blink/GCC_Project/output/tasks.o
                0x0000000000004c00                xTaskPriorityDisinherit
 .text.vTaskPriorityDisinheritAfterTimeout
                0x0000000000004cc0       0xd0 /root/arm_examples/blink/GCC_Project/output/tasks.o
                0x0000000000004cc0                vTaskPriorityDisinheritAfterTimeout
 .text.pvTaskIncrementMutexHeldCount
                0x0000000000004d90       0x18 /root/arm_examples/blink/GCC_Project/output/tasks.o
                0x0000000000004d90                pvTaskIncrementMutexHeldCount
 .text.prvCheckForValidListAndQueue
                0x0000000000004da8       0x58 /root/arm_examples/blink/GCC_Project/output/timers.o
 .text.xTimerCreate
                0x0000000000004e00       0x58 /root/arm_examples/blink/GCC_Project/output/timers.o
                0x0000000000004e00                xTimerCreate
 .text.xTimerGenericCommand
                0x0000000000004e58       0x70 /root/arm_examples/blink/GCC_Project/output/timers.o
                0x0000000000004e58                xTimerGenericCommand
 .text          0x0000000000004ec8       0x30 /usr/lib/gcc/arm-none-eabi/8.3.1/thumb/v7e-m+fp/hard/libgcc.a(_aeabi_uldivmod.o)
                0x0000000000004ec8                __aeabi_uldivmod
 .text          0x0000000000004ef8      0x2d0 /usr/lib/gcc/arm-none-eabi/8.3.1/thumb/v7e-m+fp/hard/libgcc.a(_udivmoddi4.o)
                0x0000000000004ef8                __udivmoddi4
 .text          0x00000000000051c8        0x4 /usr/lib/gcc/arm-none-eabi/8.3.1/thumb/v7e-m+fp/hard/libgcc.a(_dvmd_tls.o)
                0x00000000000051c8                __aeabi_ldiv0
                0x00000000000051c8                __aeabi_idiv0
 .text          0x00000000000051cc        0xc /usr/lib/gcc/arm-none-eabi/8.3.1/../../../arm-none-eabi/lib/thumb/v7e-m+fp/hard/libg_nano.a(lib_a-atexit.o)
                0x00000000000051cc                atexit
 .text          0x00000000000051d8       0x28 /usr/lib/gcc/arm-none-eabi/8.3.1/../../../arm-none-eabi/lib/thumb/v7e-m+fp/hard/libg_nano.a(lib_a-exit.o)
                0x00000000000051d8                exit
 .text          0x0000000000005200       0x34 /usr/lib/gcc/arm-none-eabi/8.3.1/../../../arm-none-eabi/lib/thumb/v7e-m+fp/hard/libg_nano.a(lib_a-fini.o)
                0x0000000000005200                __libc_fini_array
 .text          0x0000000000005234       0x48 /usr/lib/gcc/arm-none-eabi/8.3.1/../../../arm-none-eabi/lib/thumb/v7e-m+fp/hard/libg_nano.a(lib_a-init.o)
                0x0000000000005234                __libc_init_array
 .text          0x000000000000527c       0x20 /usr/lib/gcc/arm-none-eabi/8.3.1/../../../arm-none-eabi/lib/thumb/v7e-m+fp/hard/libg_nano.a(lib_a-malloc.o)
                0x000000000000527c                malloc
                0x000000000000528c                free
 .text          0x000000000000529c      0x134 /usr/lib/gcc/arm-none-eabi/8.3.1/../../../arm-none-eabi/lib/thumb/v7e-m+fp/hard/libg_nano.a(lib_a-memcpy.o)
                0x000000000000529c                memcpy
 .text          0x00000000000053d0       0xa0 /usr/lib/gcc/arm-none-eabi/8.3.1/../../../arm-none-eabi/lib/thumb/v7e-m+fp/hard/libg_nano.a(lib_a-memset.o)
                0x00000000000053d0                memset
 .text          0x0000000000005470       0xac /usr/lib/gcc/arm-none-eabi/8.3.1/../../../arm-none-eabi/lib/thumb/v7e-m+fp/hard/libg_nano.a(lib_a-nano-freer.o)
                0x0000000000005470                _free_r
 .text          0x000000000000551c       0xc8 /usr/lib/gcc/arm-none-eabi/8.3.1/../../../arm-none-eabi/lib/thumb/v7e-m+fp/hard/libg_nano.a(lib_a-nano-mallocr.o)
                0x000000000000551c                _malloc_r
 .text          0x00000000000055e4       0x68 /usr/lib/gcc/arm-none-eabi/8.3.1/../../../arm-none-eabi/lib/thumb/v7e-m+fp/hard/libg_nano.a(lib_a-printf.o)
                0x00000000000055e4                _printf_r
                0x00000000000055e4                _iprintf_r
                0x0000000000005614                printf
                0x0000000000005614                iprintf
 .text          0x000000000000564c       0xe8 /usr/lib/gcc/arm-none-eabi/8.3.1/../../../arm-none-eabi/lib/thumb/v7e-m+fp/hard/libg_nano.a(lib_a-puts.o)
                0x000000000000564c                _puts_r
                0x0000000000005724                puts
 .text          0x0000000000005734       0x24 /usr/lib/gcc/arm-none-eabi/8.3.1/../../../arm-none-eabi/lib/thumb/v7e-m+fp/hard/libg_nano.a(lib_a-sbrkr.o)
                0x0000000000005734                _sbrk_r
 .text          0x0000000000005758       0x1c /usr/lib/gcc/arm-none-eabi/8.3.1/../../../arm-none-eabi/lib/thumb/v7e-m+fp/hard/libg_nano.a(lib_a-setjmp.o)
                0x0000000000005758                setjmp
                0x0000000000005764                longjmp
 .text          0x0000000000005774      0x110 /usr/lib/gcc/arm-none-eabi/8.3.1/../../../arm-none-eabi/lib/thumb/v7e-m+fp/hard/libg_nano.a(lib_a-snprintf.o)
                0x0000000000005774                _sniprintf_r
                0x0000000000005774                _snprintf_r
                0x00000000000057f8                snprintf
                0x00000000000057f8                sniprintf
 .text          0x0000000000005884       0x80 /usr/lib/gcc/arm-none-eabi/8.3.1/../../../arm-none-eabi/lib/thumb/v7e-m+fp/hard/libg_nano.a(lib_a-sprintf.o)
                0x0000000000005884                _siprintf_r
                0x0000000000005884                _sprintf_r
                0x00000000000058c0                sprintf
                0x00000000000058c0                siprintf
 .text          0x0000000000005904       0xc8 /usr/lib/gcc/arm-none-eabi/8.3.1/../../../arm-none-eabi/lib/thumb/v7e-m+fp/hard/libg_nano.a(lib_a-strchr.o)
                0x0000000000005904                strchr
 *fill*         0x00000000000059cc       0x14 
 .text          0x00000000000059e0      0x2dc /usr/lib/gcc/arm-none-eabi/8.3.1/../../../arm-none-eabi/lib/thumb/v7e-m+fp/hard/libg_nano.a(lib_a-strcmp.o)
                0x00000000000059e8                strcmp
 .text          0x0000000000005cbc       0xbc /usr/lib/gcc/arm-none-eabi/8.3.1/../../../arm-none-eabi/lib/thumb/v7e-m+fp/hard/libg_nano.a(lib_a-strcpy.o)
                0x0000000000005cbc                strcpy
 *fill*         0x0000000000005d78        0x8 
 .text          0x0000000000005d80       0xdc /usr/lib/gcc/arm-none-eabi/8.3.1/../../../arm-none-eabi/lib/thumb/v7e-m+fp/hard/libg_nano.a(lib_a-strlen.o)
                0x0000000000005d80                strlen
 .text          0x0000000000005e5c       0x74 /usr/lib/gcc/arm-none-eabi/8.3.1/../../../arm-none-eabi/lib/thumb/v7e-m+fp/hard/libg_nano.a(lib_a-strncpy.o)
                0x0000000000005e5c                strncpy
 .text          0x0000000000005ed0       0x24 /usr/lib/gcc/arm-none-eabi/8.3.1/../../../arm-none-eabi/lib/thumb/v7e-m+fp/hard/libg_nano.a(lib_a-strrchr.o)
                0x0000000000005ed0                strrchr
 .text          0x0000000000005ef4       0x70 /usr/lib/gcc/arm-none-eabi/8.3.1/../../../arm-none-eabi/lib/thumb/v7e-m+fp/hard/libg_nano.a(lib_a-strtok_r.o)
                0x0000000000005ef4                __strtok_r
                0x0000000000005f5c                strtok_r
 .text          0x0000000000005f64      0x1c4 /usr/lib/gcc/arm-none-eabi/8.3.1/../../../arm-none-eabi/lib/thumb/v7e-m+fp/hard/libg_nano.a(lib_a-strtoll.o)
                0x00000000000060f4                _strtoll_r
                0x00000000000060f8                strtoll_l
                0x0000000000006110                strtoll
 .text          0x0000000000006128      0x1f8 /usr/lib/gcc/arm-none-eabi/8.3.1/../../../arm-none-eabi/lib/thumb/v7e-m+fp/hard/libg_nano.a(lib_a-strtoull.o)
                0x00000000000062ec                _strtoull_r
                0x00000000000062f0                strtoull_l
                0x0000000000006308                strtoull
 .text          0x0000000000006320       0x88 /usr/lib/gcc/arm-none-eabi/8.3.1/../../../arm-none-eabi/lib/thumb/v7e-m+fp/hard/libg_nano.a(lib_a-vsnprintf.o)
                0x0000000000006320                _vsnprintf_r
                0x0000000000006320                _vsniprintf_r
                0x000000000000638c                vsnprintf
                0x000000000000638c                vsniprintf
 .text          0x00000000000063a8       0xc0 /usr/lib/gcc/arm-none-eabi/8.3.1/../../../arm-none-eabi/lib/thumb/v7e-m+fp/hard/libg_nano.a(lib_a-wbuf.o)
                0x00000000000063a8                __swbuf_r
                0x0000000000006458                __swbuf
 .text          0x0000000000006468      0x100 /usr/lib/gcc/arm-none-eabi/8.3.1/../../../arm-none-eabi/lib/thumb/v7e-m+fp/hard/libg_nano.a(lib_a-wsetup.o)
                0x0000000000006468                __swsetup_r
 .text          0x0000000000006568       0xa0 /usr/lib/gcc/arm-none-eabi/8.3.1/../../../arm-none-eabi/lib/thumb/v7e-m+fp/hard/libg_nano.a(lib_a-__atexit.o)
                0x0000000000006568                __register_exitproc
 .text          0x0000000000006608       0x9c /usr/lib/gcc/arm-none-eabi/8.3.1/../../../arm-none-eabi/lib/thumb/v7e-m+fp/hard/libg_nano.a(lib_a-__call_atexit.o)
                0x0000000000006608                __call_exitprocs
 .text          0x00000000000066a4      0x1b0 /usr/lib/gcc/arm-none-eabi/8.3.1/../../../arm-none-eabi/lib/thumb/v7e-m+fp/hard/libg_nano.a(lib_a-fflush.o)
                0x00000000000066a4                __sflush_r
                0x00000000000067d0                _fflush_r
                0x0000000000006830                fflush
 .text          0x0000000000006854      0x210 /usr/lib/gcc/arm-none-eabi/8.3.1/../../../arm-none-eabi/lib/thumb/v7e-m+fp/hard/libg_nano.a(lib_a-findfp.o)
                0x0000000000006858                _cleanup_r
                0x0000000000006868                __sfmoreglue
                0x0000000000006898                __sfp
                0x0000000000006a10                _cleanup
                0x0000000000006a24                __sinit
                0x0000000000006a2c                __sfp_lock_acquire
                0x0000000000006a30                __sfp_lock_release
                0x0000000000006a34                __sinit_lock_acquire
                0x0000000000006a38                __sinit_lock_release
                0x0000000000006a3c                __fp_lock_all
                0x0000000000006a50                __fp_unlock_all
 .text          0x0000000000006a64       0xa0 /usr/lib/gcc/arm-none-eabi/8.3.1/../../../arm-none-eabi/lib/thumb/v7e-m+fp/hard/libg_nano.a(lib_a-fwalk.o)
                0x0000000000006a64                _fwalk
                0x0000000000006ab0                _fwalk_reent
 .text          0x0000000000006b04       0xf0 /usr/lib/gcc/arm-none-eabi/8.3.1/../../../arm-none-eabi/lib/thumb/v7e-m+fp/hard/libg_nano.a(lib_a-makebuf.o)
                0x0000000000006b04                __swhatbuf_r
                0x0000000000006b60                __smakebuf_r
 .text          0x0000000000006bf4        0x8 /usr/lib/gcc/arm-none-eabi/8.3.1/../../../arm-none-eabi/lib/thumb/v7e-m+fp/hard/libg_nano.a(lib_a-mlock.o)
                0x0000000000006bf4                __malloc_lock
                0x0000000000006bf8                __malloc_unlock
 .text          0x0000000000006bfc      0x42c /usr/lib/gcc/arm-none-eabi/8.3.1/../../../arm-none-eabi/lib/thumb/v7e-m+fp/hard/libg_nano.a(lib_a-nano-svfprintf.o)
                0x0000000000006bfc                __ssputs_r
                0x0000000000006cbc                __ssprint_r
                0x0000000000006db4                _svfprintf_r
                0x0000000000006db4                _svfiprintf_r
 .text          0x0000000000007028      0x364 /usr/lib/gcc/arm-none-eabi/8.3.1/../../../arm-none-eabi/lib/thumb/v7e-m+fp/hard/libg_nano.a(lib_a-nano-vfprintf.o)
                0x0000000000007064                __sfputs_r
                0x0000000000007094                __sprint_r
                0x00000000000070b0                _vfiprintf_r
                0x00000000000070b0                _vfprintf_r
                0x0000000000007374                vfiprintf
                0x0000000000007374                vfprintf
 .text          0x000000000000738c      0x3c4 /usr/lib/gcc/arm-none-eabi/8.3.1/../../../arm-none-eabi/lib/thumb/v7e-m+fp/hard/libg_nano.a(lib_a-nano-vfprintf_i.o)
                0x000000000000738c                _printf_common
                0x00000000000074b8                _printf_i
 .text          0x0000000000007750       0x90 /usr/lib/gcc/arm-none-eabi/8.3.1/../../../arm-none-eabi/lib/thumb/v7e-m+fp/hard/libg_nano.a(lib_a-stdio.o)
                0x0000000000007750                __sread
                0x0000000000007774                __seofread
                0x0000000000007778                __swrite
                0x00000000000077b8                __sseek
                0x00000000000077d8                __sclose
 .text          0x00000000000077e0       0x2c /usr/lib/gcc/arm-none-eabi/8.3.1/../../../arm-none-eabi/lib/thumb/v7e-m+fp/hard/libg_nano.a(lib_a-writer.o)
                0x00000000000077e0                _write_r
 .text          0x000000000000780c       0x24 /usr/lib/gcc/arm-none-eabi/8.3.1/../../../arm-none-eabi/lib/thumb/v7e-m+fp/hard/libg_nano.a(lib_a-closer.o)
                0x000000000000780c                _close_r
 .text          0x0000000000007830       0x28 /usr/lib/gcc/arm-none-eabi/8.3.1/../../../arm-none-eabi/lib/thumb/v7e-m+fp/hard/libg_nano.a(lib_a-fstatr.o)
                0x0000000000007830                _fstat_r
 .text          0x0000000000007858      0x308 /usr/lib/gcc/arm-none-eabi/8.3.1/../../../arm-none-eabi/lib/thumb/v7e-m+fp/hard/libg_nano.a(lib_a-fvwrite.o)
                0x0000000000007858                __sfvwrite_r
 .text          0x0000000000007b60       0x24 /usr/lib/gcc/arm-none-eabi/8.3.1/../../../arm-none-eabi/lib/thumb/v7e-m+fp/hard/libg_nano.a(lib_a-isattyr.o)
                0x0000000000007b60                _isatty_r
 .text          0x0000000000007b84       0x2c /usr/lib/gcc/arm-none-eabi/8.3.1/../../../arm-none-eabi/lib/thumb/v7e-m+fp/hard/libg_nano.a(lib_a-lseekr.o)
                0x0000000000007b84                _lseek_r
 .text          0x0000000000007bb0       0xa0 /usr/lib/gcc/arm-none-eabi/8.3.1/../../../arm-none-eabi/lib/thumb/v7e-m+fp/hard/libg_nano.a(lib_a-memchr.o)
                0x0000000000007bb0                memchr
 .text          0x0000000000007c50       0xd0 /usr/lib/gcc/arm-none-eabi/8.3.1/../../../arm-none-eabi/lib/thumb/v7e-m+fp/hard/libg_nano.a(lib_a-memmove.o)
                0x0000000000007c50                memmove
 .text          0x0000000000007d20       0x4c /usr/lib/gcc/arm-none-eabi/8.3.1/../../../arm-none-eabi/lib/thumb/v7e-m+fp/hard/libg_nano.a(lib_a-nano-reallocr.o)
                0x0000000000007d20                _realloc_r
 .text          0x0000000000007d6c       0x2c /usr/lib/gcc/arm-none-eabi/8.3.1/../../../arm-none-eabi/lib/thumb/v7e-m+fp/hard/libg_nano.a(lib_a-readr.o)
                0x0000000000007d6c                _read_r
 .text          0x0000000000007d98       0x10 /usr/lib/gcc/arm-none-eabi/8.3.1/../../../arm-none-eabi/lib/thumb/v7e-m+fp/hard/libg_nano.a(lib_a-nano-msizer.o)
                0x0000000000007d98                _malloc_usable_size_r
 .text          0x0000000000007da8       0x10 /usr/lib/gcc/arm-none-eabi/8.3.1/../../../arm-none-eabi/lib/thumb/v7e-m+fp/hard/libnosys.a(fstat.o)
                0x0000000000007da8                _fstat
 .text          0x0000000000007db8       0x10 /usr/lib/gcc/arm-none-eabi/8.3.1/../../../arm-none-eabi/lib/thumb/v7e-m+fp/hard/libnosys.a(isatty.o)
                0x0000000000007db8                _isatty
 .text          0x0000000000007dc8       0x1c /usr/lib/gcc/arm-none-eabi/8.3.1/../../../arm-none-eabi/lib/thumb/v7e-m+fp/hard/libnosys.a(sbrk.o)
                0x0000000000007dc8                _sbrk
 .text          0x0000000000007de4        0x4 /usr/lib/gcc/arm-none-eabi/8.3.1/../../../arm-none-eabi/lib/thumb/v7e-m+fp/hard/libnosys.a(_exit.o)
                0x0000000000007de4                _exit
 *(.init)
 .init          0x0000000000007de8        0x4 /usr/lib/gcc/arm-none-eabi/8.3.1/thumb/v7e-m+fp/hard/crti.o
                0x0000000000007de8                _init
 .init          0x0000000000007dec        0x8 /usr/lib/gcc/arm-none-eabi/8.3.1/thumb/v7e-m+fp/hard/crtn.o
 *(.fini)
 .fini          0x0000000000007df4        0x4 /usr/lib/gcc/arm-none-eabi/8.3.1/thumb/v7e-m+fp/hard/crti.o
                0x0000000000007df4                _fini
 .fini          0x0000000000007df8        0x8 /usr/lib/gcc/arm-none-eabi/8.3.1/thumb/v7e-m+fp/hard/crtn.o
 *crtbegin.o(.ctors)
 *crtbegin?.o(.ctors)
 *(EXCLUDE_FILE(*crtend.o *crtend?.o) .ctors)
 *(SORT_BY_NAME(.ctors.*))
 *(.ctors)
 *crtbegin.o(.dtors)
 *crtbegin?.o(.dtors)
 *(EXCLUDE_FILE(*crtend.o *crtend?.o) .dtors)
 *(SORT_BY_NAME(.dtors.*))
 *(.dtors)
 *(.rodata*)
 .rodata.CLI_numX_getshow_X.str1.1
                0x0000000000007e00       0x23 /root/arm_examples/blink/GCC_Project/output/cli_args.o
 .rodata.CLI_string_ptr_get_subcmd.str1.1
                0x0000000000007e23        0xc /root/arm_examples/blink/GCC_Project/output/cli_args.o
 .rodata.CLI_cmd_stack_pop.str1.1
                0x0000000000007e2f       0x16 /root/arm_examples/blink/GCC_Project/output/cli_loop.o
 .rodata.CLI_cmd_stack_push.str1.1
                0x0000000000007e45       0x1a /root/arm_examples/blink/GCC_Project/output/cli_loop.o
 .rodata.CLI_dispatch.str1.1
                0x0000000000007e5f       0x21 /root/arm_examples/blink/GCC_Project/output/cli_loop.o
 .rodata.CLI_dispatch_subcmd.str1.1
                0x0000000000007e80       0x2a /root/arm_examples/blink/GCC_Project/output/cli_loop.o
 .rodata.CLI_print_prompt.str1.1
                0x0000000000007eaa        0xd /root/arm_examples/blink/GCC_Project/output/cli_loop.o
 .rodata.CLI_rx_byte.str1.1
                0x0000000000007eb7        0x9 /root/arm_examples/blink/GCC_Project/output/cli_loop.o
 .rodata.CLI_verror.str1.1
                0x0000000000007ec0        0x8 /root/arm_examples/blink/GCC_Project/output/cli_loop.o
 .rodata._backspace.7305
                0x0000000000007ec8        0x4 /root/arm_examples/blink/GCC_Project/output/cli_loop.o
 .rodata.handle_exit.str1.1
                0x0000000000007ecc        0xa /root/arm_examples/blink/GCC_Project/output/cli_loop.o
 .rodata.handle_help.str1.1
                0x0000000000007ed6       0x2e /root/arm_examples/blink/GCC_Project/output/cli_loop.o
                                         0x33 (size before relaxing)
 .rodata.std_cmds
                0x0000000000007f04       0x40 /root/arm_examples/blink/GCC_Project/output/cli_loop.o
 .rodata.str1.1
                0x0000000000007f44       0x21 /root/arm_examples/blink/GCC_Project/output/cli_loop.o
                                         0x26 (size before relaxing)
 .rodata.CLI_error_missing_parameter.str1.1
                0x0000000000007f65        0xd /root/arm_examples/blink/GCC_Project/output/cli_misc.o
 .rodata.CLI_error_not_a_number.str1.1
                0x0000000000007f72       0x17 /root/arm_examples/blink/GCC_Project/output/cli_misc.o
 .rodata.CLI_start_task.str1.1
                0x0000000000007f89       0x5a /root/arm_examples/blink/GCC_Project/output/cli_platform.o
 .rodata.CLI_task.str1.1
                0x0000000000007fe3       0x42 /root/arm_examples/blink/GCC_Project/output/cli_platform.o
 .rodata._colon_tt.8560
                0x0000000000008025        0x4 /root/arm_examples/blink/GCC_Project/output/dbg_uart.o
 .rodata.dbg_str.str1.1
                0x0000000000008029        0x3 /root/arm_examples/blink/GCC_Project/output/dbg_uart.o
 .rodata.HAL_PAD_Config.str1.1
                0x000000000000802c       0x54 /root/arm_examples/blink/GCC_Project/output/eoss3_hal_pad_config.o
 .rodata.IO_INPUT_PAD_SEL
                0x0000000000008080       0x10 /root/arm_examples/blink/GCC_Project/output/eoss3_hal_pad_config.o
                0x0000000000008080                IO_INPUT_PAD_SEL
 .rodata.SEL_EXT_PAD_REGS
                0x0000000000008090      0x160 /root/arm_examples/blink/GCC_Project/output/eoss3_hal_pad_config.o
                0x0000000000008090                SEL_EXT_PAD_REGS
 .rodata.unlock_spi1_bus.str1.1
                0x00000000000081f0       0x36 /root/arm_examples/blink/GCC_Project/output/eoss3_hal_spi.o
 .rodata.HAL_Timer_ISR.str1.1
                0x0000000000008226       0x20 /root/arm_examples/blink/GCC_Project/output/eoss3_hal_timer.o
 .rodata.SendEventToTimerThread.str1.1
                0x0000000000008246       0x82 /root/arm_examples/blink/GCC_Project/output/eoss3_hal_timer.o
 .rodata.__FUNCTION__.9321
                0x00000000000082c8        0xe /root/arm_examples/blink/GCC_Project/output/eoss3_hal_timer.o
 .rodata.CSWTCH.15
                0x00000000000082d6        0x4 /root/arm_examples/blink/GCC_Project/output/eoss3_hal_uart.o
 *fill*         0x00000000000082da        0x2 
 .rodata.CSWTCH.16
                0x00000000000082dc       0x28 /root/arm_examples/blink/GCC_Project/output/eoss3_hal_uart.o
 .rodata.uart_init.str1.1
                0x0000000000008304        0xc /root/arm_examples/blink/GCC_Project/output/eoss3_hal_uart.o
 .rodata.WDT_ISR.str1.1
                0x0000000000008310       0x4d /root/arm_examples/blink/GCC_Project/output/eoss3_hal_wdt.o
 .rodata.__FUNCTION__.8685
                0x000000000000835d        0x8 /root/arm_examples/blink/GCC_Project/output/eoss3_hal_wdt.o
 .rodata.prvGetRegistersFromStack.str1.1
                0x0000000000008365       0x41 /root/arm_examples/blink/GCC_Project/output/exceptions.o
                                         0x44 (size before relaxing)
 .rodata.spurious_interrupt.str1.1
                0x00000000000083a6        0xd /root/arm_examples/blink/GCC_Project/output/exceptions.o
 .rodata.vApplicationMallocFailedHook.str1.1
                0x00000000000083b3       0x20 /root/arm_examples/blink/GCC_Project/output/exceptions.o
 .rodata.vApplicationStackOverflowHook.str1.1
                0x00000000000083d3       0x21 /root/arm_examples/blink/GCC_Project/output/exceptions.o
 .rodata.pvPortMalloc.str1.1
                0x00000000000083f4       0x58 /root/arm_examples/blink/GCC_Project/output/heap_4.o
 .rodata.vPortFree.str1.1
                0x000000000000844c       0x35 /root/arm_examples/blink/GCC_Project/output/heap_4.o
 .rodata.main.str1.1
                0x0000000000008481       0xcb /root/arm_examples/blink/GCC_Project/output/main.o
                                         0xd0 (size before relaxing)
 .rodata.get_gpio_value.str1.1
                0x000000000000854c       0x11 /root/arm_examples/blink/GCC_Project/output/main_dbg_cli_menu.o
 *fill*         0x000000000000855d        0x3 
 .rodata.my_main_menu
                0x0000000000008560       0x20 /root/arm_examples/blink/GCC_Project/output/main_dbg_cli_menu.o
                0x0000000000008560                my_main_menu
 .rodata.qorc_gpioctlr
                0x0000000000008580       0x40 /root/arm_examples/blink/GCC_Project/output/main_dbg_cli_menu.o
                0x0000000000008580                qorc_gpioctlr
 .rodata.set_gpio_input.str1.1
                0x00000000000085c0        0x3 /root/arm_examples/blink/GCC_Project/output/main_dbg_cli_menu.o
 .rodata.set_gpio_output.str1.1
                0x00000000000085c3        0x3 /root/arm_examples/blink/GCC_Project/output/main_dbg_cli_menu.o
                                          0x4 (size before relaxing)
 .rodata.str1.1
                0x00000000000085c3       0x6e /root/arm_examples/blink/GCC_Project/output/main_dbg_cli_menu.o
 .rodata.prvTaskExitError.str1.1
                0x0000000000008631       0x6b /root/arm_examples/blink/GCC_Project/output/port.o
 .rodata.xQueueGenericReset.str1.1
                0x000000000000869c       0x46 /root/arm_examples/blink/GCC_Project/output/queue.o
 .rodata.S3x_Clk_Init.str1.1
                0x00000000000086e2       0x5c /root/arm_examples/blink/GCC_Project/output/s3x_clock.o
 .rodata.DFS_StartTimer.str1.1
                0x000000000000873e       0x5d /root/arm_examples/blink/GCC_Project/output/s3x_dfs.o
 .rodata.S3x_Set_Policy.str1.1
                0x000000000000879b       0x17 /root/arm_examples/blink/GCC_Project/output/s3x_dfs.o
 .rodata.__func__.9034
                0x00000000000087b2       0x15 /root/arm_examples/blink/GCC_Project/output/s3x_pi.o
 .rodata.s3x_pi_set_active_st.str1.1
                0x00000000000087c7       0x2f /root/arm_examples/blink/GCC_Project/output/s3x_pi.o
 .rodata        0x00000000000087f6        0x8 /root/arm_examples/blink/GCC_Project/output/sec_debug.o
 .rodata.invoke_soft_fault.str1.1
                0x00000000000087fe        0xc /root/arm_examples/blink/GCC_Project/output/sec_debug.o
 .rodata.save_assert_info.str1.1
                0x000000000000880a       0x1c /root/arm_examples/blink/GCC_Project/output/sec_debug.o
 .rodata.prvTaskIsTaskSuspended.str1.1
                0x0000000000008826       0x46 /root/arm_examples/blink/GCC_Project/output/tasks.o
 .rodata.prvCheckForValidListAndQueue.str1.1
                0x000000000000886c        0x5 /root/arm_examples/blink/GCC_Project/output/timers.o
 .rodata.xTimerCreateTimerTask.str1.1
                0x0000000000008871       0x4f /root/arm_examples/blink/GCC_Project/output/timers.o
 .rodata        0x00000000000088c0        0x4 /usr/lib/gcc/arm-none-eabi/8.3.1/../../../arm-none-eabi/lib/thumb/v7e-m+fp/hard/libg_nano.a(lib_a-impure.o)
                0x00000000000088c0                _global_impure_ptr
 .rodata        0x00000000000088c4      0x101 /usr/lib/gcc/arm-none-eabi/8.3.1/../../../arm-none-eabi/lib/thumb/v7e-m+fp/hard/libg_nano.a(lib_a-ctype_.o)
                0x00000000000088c4                _ctype_
 *fill*         0x00000000000089c5        0x3 
 .rodata        0x00000000000089c8       0x60 /usr/lib/gcc/arm-none-eabi/8.3.1/../../../arm-none-eabi/lib/thumb/v7e-m+fp/hard/libg_nano.a(lib_a-findfp.o)
                0x00000000000089c8                __sf_fake_stderr
                0x00000000000089e8                __sf_fake_stdout
                0x0000000000008a08                __sf_fake_stdin
 .rodata.str1.4
                0x0000000000008a28       0x13 /usr/lib/gcc/arm-none-eabi/8.3.1/../../../arm-none-eabi/lib/thumb/v7e-m+fp/hard/libg_nano.a(lib_a-nano-svfprintf.o)
 .rodata.str1.4
                0x0000000000008a3b       0x13 /usr/lib/gcc/arm-none-eabi/8.3.1/../../../arm-none-eabi/lib/thumb/v7e-m+fp/hard/libg_nano.a(lib_a-nano-vfprintf.o)
 *fill*         0x0000000000008a3b        0x1 
 .rodata.str1.4
                0x0000000000008a3c       0x25 /usr/lib/gcc/arm-none-eabi/8.3.1/../../../arm-none-eabi/lib/thumb/v7e-m+fp/hard/libg_nano.a(lib_a-nano-vfprintf_i.o)
 *(.eh_fram e*)

.eh_frame       0x0000000000008a64        0x0
 .eh_frame      0x0000000000008a64        0x0 /usr/lib/gcc/arm-none-eabi/8.3.1/thumb/v7e-m+fp/hard/crtbegin.o

.glue_7         0x0000000000008a64        0x0
 .glue_7        0x0000000000008a64        0x0 linker stubs

.glue_7t        0x0000000000008a64        0x0
 .glue_7t       0x0000000000008a64        0x0 linker stubs

.vfp11_veneer   0x0000000000008a64        0x0
 .vfp11_veneer  0x0000000000008a64        0x0 linker stubs

.v4_bx          0x0000000000008a64        0x0
 .v4_bx         0x0000000000008a64        0x0 linker stubs

.iplt           0x0000000000008a64        0x0
 .iplt          0x0000000000008a64        0x0 /usr/lib/gcc/arm-none-eabi/8.3.1/thumb/v7e-m+fp/hard/crtbegin.o

.ARM.extab
 *(.ARM.extab* .gnu.linkonce.armextab.*)
                0x0000000000008a61                __exidx_start = .

.ARM.exidx      0x0000000000008a64        0x8
 *(.ARM.exidx* .gnu.linkonce.armexidx.*)
 .ARM.exidx     0x0000000000008a64        0x8 /usr/lib/gcc/arm-none-eabi/8.3.1/../../../arm-none-eabi/lib/thumb/v7e-m+fp/hard/crt0.o
                                         0x10 (size before relaxing)
 .ARM.exidx     0x0000000000008a6c        0x0 /usr/lib/gcc/arm-none-eabi/8.3.1/thumb/v7e-m+fp/hard/libgcc.a(_udivmoddi4.o)
                                          0x8 (size before relaxing)
                0x0000000000008a6c                __exidx_end = .
                0x0000000000008a6c                __etext = .
                0x0000000000008a6c                _sidata = __etext

.rel.dyn        0x0000000000008a6c        0x0
 .rel.iplt      0x0000000000008a6c        0x0 /usr/lib/gcc/arm-none-eabi/8.3.1/thumb/v7e-m+fp/hard/crtbegin.o

.data           0x0000000020027000      0x8fc load address 0x0000000000008a6c
                0x0000000020027000                __data_start__ = .
                0x0000000020027000                _sdata = __data_start__
 *(vtable)
 *(.data*)
 .data._dbg_uart_id
                0x0000000020027000        0x4 /root/arm_examples/blink/GCC_Project/output/dbg_uart.o
                0x0000000020027000                _dbg_uart_id
 .data._semihost_handle
                0x0000000020027004        0x4 /root/arm_examples/blink/GCC_Project/output/dbg_uart.o
                0x0000000020027004                _semihost_handle
 .data.pcDbgBuffer
                0x0000000020027008        0x4 /root/arm_examples/blink/GCC_Project/output/dbg_uart.o
                0x0000000020027008                pcDbgBuffer
 .data.pcDbgBufferLim
                0x000000002002700c        0x4 /root/arm_examples/blink/GCC_Project/output/dbg_uart.o
                0x000000002002700c                pcDbgBufferLim
 .data.rtc_alarm_interval
                0x0000000020027010        0x4 /root/arm_examples/blink/GCC_Project/output/eoss3_hal_rtc.o
 .data.pincfg_table
                0x0000000020027014       0xc0 /root/arm_examples/blink/GCC_Project/output/pincfg_table.o
                0x0000000020027014                pincfg_table
 .data.sizeof_pincfg_table
                0x00000000200270d4        0x4 /root/arm_examples/blink/GCC_Project/output/pincfg_table.o
                0x00000000200270d4                sizeof_pincfg_table
 .data.uxCriticalNesting
                0x00000000200270d8        0x4 /root/arm_examples/blink/GCC_Project/output/port.o
 .data.S3x_Clk_Domain_Gate_info
                0x00000000200270dc       0x90 /root/arm_examples/blink/GCC_Project/output/s3x_clock.o
                0x00000000200270dc                S3x_Clk_Domain_Gate_info
 .data.policyCurrent
                0x000000002002716c        0x1 /root/arm_examples/blink/GCC_Project/output/s3x_dfs.o
 .data.s3x_dfs_enable
                0x000000002002716d        0x1 /root/arm_examples/blink/GCC_Project/output/s3x_dfs.o
 .data.stepdown_clkd_index
                0x000000002002716e        0x4 /root/arm_examples/blink/GCC_Project/output/s3x_dfs.o
                0x000000002002716e                stepdown_clkd_index
 .data.stepup_clkd_index
                0x0000000020027172        0x4 /root/arm_examples/blink/GCC_Project/output/s3x_dfs.o
                0x0000000020027172                stepup_clkd_index
 .data.S3x_Gate_PI_info
                0x0000000020027176       0x48 /root/arm_examples/blink/GCC_Project/output/s3x_pi.o
                0x0000000020027176                S3x_Gate_PI_info
 .data.S3Pi     0x00000000200271be      0x1dc /root/arm_examples/blink/GCC_Project/output/s3x_pwrcfg.o
                0x00000000200271be                S3Pi
 *fill*         0x000000002002739a        0x2 
 .data.S3clk    0x000000002002739c      0x450 /root/arm_examples/blink/GCC_Project/output/s3x_pwrcfg.o
                0x000000002002739c                S3clk
 .data.dfs_node
                0x00000000200277ec       0xa0 /root/arm_examples/blink/GCC_Project/output/s3x_pwrcfg.o
                0x00000000200277ec                dfs_node
 .data.policyInitial
                0x000000002002788c        0x1 /root/arm_examples/blink/GCC_Project/output/s3x_pwrcfg.o
                0x000000002002788c                policyInitial
 *fill*         0x000000002002788d        0x3 
 .data          0x0000000020027890       0x64 /usr/lib/gcc/arm-none-eabi/8.3.1/../../../arm-none-eabi/lib/thumb/v7e-m+fp/hard/libg_nano.a(lib_a-impure.o)
                0x0000000020027890                _impure_ptr
                0x00000000200278f4                . = ALIGN (0x4)
                0x00000000200278f4                PROVIDE (__preinit_array_start = .)
 *(.preinit_array)
                0x00000000200278f4                PROVIDE (__preinit_array_end = .)
                0x00000000200278f4                . = ALIGN (0x4)
                0x00000000200278f4                PROVIDE (__init_array_start = .)
 *(SORT_BY_NAME(.init_array.*))
 *(.init_array)
 .init_array    0x00000000200278f4        0x4 /usr/lib/gcc/arm-none-eabi/8.3.1/thumb/v7e-m+fp/hard/crtbegin.o
                0x00000000200278f8                PROVIDE (__init_array_end = .)
                0x00000000200278f8                . = ALIGN (0x4)
                0x00000000200278f8                PROVIDE (__fini_array_start = .)
 *(SORT_BY_NAME(.fini_array.*))
 *(.fini_array)
 .fini_array    0x00000000200278f8        0x4 /usr/lib/gcc/arm-none-eabi/8.3.1/thumb/v7e-m+fp/hard/crtbegin.o
                0x00000000200278fc                PROVIDE (__fini_array_end = .)
 *(.jcr*)
                0x00000000200278fc                . = ALIGN (0x4)
                0x00000000200278fc                __data_end__ = .
                0x00000000200278fc                _edata = __data_end__

.tm_clone_table
                0x00000000200278fc        0x0 load address 0x0000000000009368
 .tm_clone_table
                0x00000000200278fc        0x0 /usr/lib/gcc/arm-none-eabi/8.3.1/thumb/v7e-m+fp/hard/crtbegin.o
 .tm_clone_table
                0x00000000200278fc        0x0 /usr/lib/gcc/arm-none-eabi/8.3.1/thumb/v7e-m+fp/hard/crtend.o

.igot.plt       0x00000000200278fc        0x0 load address 0x0000000000009368
 .igot.plt      0x00000000200278fc        0x0 /usr/lib/gcc/arm-none-eabi/8.3.1/thumb/v7e-m+fp/hard/crtbegin.o

.Hardware       0x0000000020064000        0x0
                0x0000000020064000                __hwa_start__ = .
 *(*HWA*)
                0x0000000020064000                __hwa_end__ = .

.bss            0x0000000020027900    0x10038
                0x0000000020027900                . = ALIGN (0x4)
                0x0000000020027900                __bss_start__ = .
                0x0000000020027900                _sbss = __bss_start__
 *(.bss*)
 .bss           0x0000000020027900       0x1c /usr/lib/gcc/arm-none-eabi/8.3.1/thumb/v7e-m+fp/hard/crtbegin.o
 .bss.outbuf.6919
                0x000000002002791c       0x64 /root/arm_examples/blink/GCC_Project/output/cli_io.o
 .bss.last_was_cr.7307
                0x0000000020027980        0x4 /root/arm_examples/blink/GCC_Project/output/cli_loop.o
 .bss.__debug_fatal__
                0x0000000020027984        0x4 /root/arm_examples/blink/GCC_Project/output/dbg_uart.o
                0x0000000020027984                __debug_fatal__
 .bss.fSkipSemi
                0x0000000020027988        0x1 /root/arm_examples/blink/GCC_Project/output/dbg_uart.o
                0x0000000020027988                fSkipSemi
 *fill*         0x0000000020027989        0x7 
 .bss.fPadIsConfig
                0x0000000020027990        0x8 /root/arm_examples/blink/GCC_Project/output/eoss3_hal_pad_config.o
                0x0000000020027990                fPadIsConfig
 .bss.rtc_cb_func
                0x0000000020027998        0x4 /root/arm_examples/blink/GCC_Project/output/eoss3_hal_rtc.o
 .bss.xLockSPI1Bus
                0x000000002002799c        0x4 /root/arm_examples/blink/GCC_Project/output/eoss3_hal_spi.o
 .bss.xWaitForIntr
                0x00000000200279a0        0x4 /root/arm_examples/blink/GCC_Project/output/eoss3_hal_spi.o
 .bss.TimerQueue
                0x00000000200279a4        0x4 /root/arm_examples/blink/GCC_Project/output/eoss3_hal_timer.o
 .bss.TimerToExpire
                0x00000000200279a8        0x4 /root/arm_examples/blink/GCC_Project/output/eoss3_hal_timer.o
 .bss.uart_vars
                0x00000000200279ac       0x44 /root/arm_examples/blink/GCC_Project/output/eoss3_hal_uart.o
 .bss.WDT_Handle
                0x00000000200279f0       0x10 /root/arm_examples/blink/GCC_Project/output/eoss3_hal_wdt.o
 .bss.isrcount.8684
                0x0000000020027a00        0x4 /root/arm_examples/blink/GCC_Project/output/eoss3_hal_wdt.o
 .bss.FB_ISR    0x0000000020027a04       0x10 /root/arm_examples/blink/GCC_Project/output/exceptions.o
                0x0000000020027a04                FB_ISR
 .bss.ucount    0x0000000020027a14        0x4 /root/arm_examples/blink/GCC_Project/output/exceptions.o
                0x0000000020027a14                ucount
 .bss.urxcount  0x0000000020027a18        0x4 /root/arm_examples/blink/GCC_Project/output/exceptions.o
                0x0000000020027a18                urxcount
 .bss.pxEnd     0x0000000020027a1c        0x4 /root/arm_examples/blink/GCC_Project/output/heap_4.o
 .bss.ucHeap    0x0000000020027a20     0xf000 /root/arm_examples/blink/GCC_Project/output/heap_4.o
 .bss.xBlockAllocatedBit
                0x0000000020036a20        0x4 /root/arm_examples/blink/GCC_Project/output/heap_4.o
 .bss.xFreeBytesRemaining
                0x0000000020036a24        0x4 /root/arm_examples/blink/GCC_Project/output/heap_4.o
 .bss.xMinimumEverFreeBytesRemaining
                0x0000000020036a28        0x4 /root/arm_examples/blink/GCC_Project/output/heap_4.o
 .bss.xStart    0x0000000020036a2c        0x8 /root/arm_examples/blink/GCC_Project/output/heap_4.o
 .bss.gpionum_input
                0x0000000020036a34        0x1 /root/arm_examples/blink/GCC_Project/output/main_dbg_cli_menu.o
                0x0000000020036a34                gpionum_input
 .bss.gpionum_output
                0x0000000020036a35        0x1 /root/arm_examples/blink/GCC_Project/output/main_dbg_cli_menu.o
                0x0000000020036a35                gpionum_output
 .bss.gpioval_input
                0x0000000020036a36        0x1 /root/arm_examples/blink/GCC_Project/output/main_dbg_cli_menu.o
                0x0000000020036a36                gpioval_input
 .bss.gpioval_output
                0x0000000020036a37        0x1 /root/arm_examples/blink/GCC_Project/output/main_dbg_cli_menu.o
                0x0000000020036a37                gpioval_output
 .bss.ucMaxSysCallPriority
                0x0000000020036a38        0x1 /root/arm_examples/blink/GCC_Project/output/port.o
 *fill*         0x0000000020036a39        0x3 
 .bss.ulMaxPRIGROUPValue
                0x0000000020036a3c        0x4 /root/arm_examples/blink/GCC_Project/output/port.o
 .bss.uxGlobalQueueNumber
                0x0000000020036a40        0x4 /root/arm_examples/blink/GCC_Project/output/queue.o
 .bss.Hsosc     0x0000000020036a44        0xc /root/arm_examples/blink/GCC_Project/output/s3x_clock.o
                0x0000000020036a44                Hsosc
 .bss.ticksSleeptime
                0x0000000020036a50        0x4 /root/arm_examples/blink/GCC_Project/output/s3x_cpuload.o
 .bss.DFS_TimerHandle
                0x0000000020036a54        0x4 /root/arm_examples/blink/GCC_Project/output/s3x_dfs.o
 .bss.policyMaxrate
                0x0000000020036a58        0x4 /root/arm_examples/blink/GCC_Project/output/s3x_dfs.o
 .bss.lpm_hnd   0x0000000020036a5c        0x4 /root/arm_examples/blink/GCC_Project/output/s3x_lpm.o
                0x0000000020036a5c                lpm_hnd
 .bss.qos_hnd   0x0000000020036a60        0x4 /root/arm_examples/blink/GCC_Project/output/s3x_qos.o
                0x0000000020036a60                qos_hnd
 .bss.pxCurrentTCB